Archive member included to satisfy reference by file (symbol)

C:/devkitPro/libogc/lib/wii\libwiiuse.a(wpad.o)
                              main.o (WPAD_Init)
C:/devkitPro/libogc/lib/wii\libwiiuse.a(motion_plus.o)
                              C:/devkitPro/libogc/lib/wii\libwiiuse.a(wpad.o) (wiiuse_set_motion_plus)
C:/devkitPro/libogc/lib/wii\libwiiuse.a(dynamics.o)
                              C:/devkitPro/libogc/lib/wii\libwiiuse.a(wpad.o) (calculate_gforce)
C:/devkitPro/libogc/lib/wii\libwiiuse.a(io.o)
                              C:/devkitPro/libogc/lib/wii\libwiiuse.a(motion_plus.o) (wiiuse_disable_expansion)
C:/devkitPro/libogc/lib/wii\libwiiuse.a(io_wii.o)
                              C:/devkitPro/libogc/lib/wii\libwiiuse.a(wpad.o) (__wiiuse_sensorbar_enable)
C:/devkitPro/libogc/lib/wii\libwiiuse.a(ir.o)
                              C:/devkitPro/libogc/lib/wii\libwiiuse.a(motion_plus.o) (wiiuse_set_ir_mode)
C:/devkitPro/libogc/lib/wii\libwiiuse.a(nunchuk.o)
                              C:/devkitPro/libogc/lib/wii\libwiiuse.a(io.o) (nunchuk_handshake)
C:/devkitPro/libogc/lib/wii\libwiiuse.a(wiiboard.o)
                              C:/devkitPro/libogc/lib/wii\libwiiuse.a(io.o) (wii_board_handshake)
C:/devkitPro/libogc/lib/wii\libwiiuse.a(wiiuse.o)
                              C:/devkitPro/libogc/lib/wii\libwiiuse.a(wpad.o) (wiiuse_init)
C:/devkitPro/libogc/lib/wii\libwiiuse.a(speaker.o)
                              C:/devkitPro/libogc/lib/wii\libwiiuse.a(wpad.o) (wencdata)
C:/devkitPro/libogc/lib/wii\libwiiuse.a(classic.o)
                              C:/devkitPro/libogc/lib/wii\libwiiuse.a(io.o) (classic_ctrl_handshake)
C:/devkitPro/libogc/lib/wii\libwiiuse.a(events.o)
                              C:/devkitPro/libogc/lib/wii\libwiiuse.a(io_wii.o) (parse_event)
C:/devkitPro/libogc/lib/wii\libwiiuse.a(guitar_hero_3.o)
                              C:/devkitPro/libogc/lib/wii\libwiiuse.a(io.o) (guitar_hero_3_handshake)
C:/devkitPro/libogc/lib/wii\libbte.a(bte.o)
                              C:/devkitPro/libogc/lib/wii\libwiiuse.a(wpad.o) (BTE_Init)
C:/devkitPro/libogc/lib/wii\libbte.a(hci.o)
                              C:/devkitPro/libogc/lib/wii\libbte.a(bte.o) (hci_init)
C:/devkitPro/libogc/lib/wii\libbte.a(l2cap.o)
                              C:/devkitPro/libogc/lib/wii\libbte.a(bte.o) (l2cap_init)
C:/devkitPro/libogc/lib/wii\libbte.a(btmemb.o)
                              C:/devkitPro/libogc/lib/wii\libbte.a(bte.o) (btmemb_init)
C:/devkitPro/libogc/lib/wii\libbte.a(btmemr.o)
                              C:/devkitPro/libogc/lib/wii\libbte.a(hci.o) (btmemr_init)
C:/devkitPro/libogc/lib/wii\libbte.a(btpbuf.o)
                              C:/devkitPro/libogc/lib/wii\libbte.a(hci.o) (btpbuf_init)
C:/devkitPro/libogc/lib/wii\libbte.a(physbusif.o)
                              C:/devkitPro/libogc/lib/wii\libbte.a(bte.o) (physbusif_init)
C:/devkitPro/libogc/lib/wii\libogc.a(lwp_queue.o)
                              C:/devkitPro/libogc/lib/wii\libwiiuse.a(io_wii.o) (__lwp_queue_initialize)
C:/devkitPro/libogc/lib/wii\libogc.a(lwp_threads.o)
                              C:/devkitPro/libogc/lib/wii\libwiiuse.a(wpad.o) (_thread_dispatch_disable_level)
C:/devkitPro/libogc/lib/wii\libogc.a(lwp.o)
                              C:/devkitPro/libogc/lib/wii\libbte.a(bte.o) (LWP_InitQueue)
C:/devkitPro/libogc/lib/wii\libogc.a(lwp_handler.o)
                              C:/devkitPro/libogc/lib/wii\libogc.a(lwp_threads.o) (_cpu_context_save_fp)
C:/devkitPro/libogc/lib/wii\libogc.a(lwp_stack.o)
                              C:/devkitPro/libogc/lib/wii\libogc.a(lwp_threads.o) (__lwp_stack_allocate)
C:/devkitPro/libogc/lib/wii\libogc.a(lwp_watchdog.o)
                              C:/devkitPro/libogc/lib/wii\libogc.a(lwp_threads.o) (_wd_ticks_queue)
C:/devkitPro/libogc/lib/wii\libogc.a(lwp_wkspace.o)
                              C:/devkitPro/libogc/lib/wii\libwiiuse.a(motion_plus.o) (__wkspace_heap)
C:/devkitPro/libogc/lib/wii\libogc.a(lwp_objmgr.o)
                              C:/devkitPro/libogc/lib/wii\libogc.a(lwp.o) (__lwp_objmgr_initinfo)
C:/devkitPro/libogc/lib/wii\libogc.a(lwp_heap.o)
                              C:/devkitPro/libogc/lib/wii\libogc.a(lwp_wkspace.o) (__lwp_heap_init)
C:/devkitPro/libogc/lib/wii\libogc.a(sys_state.o)
                              C:/devkitPro/libogc/lib/wii\libogc.a(lwp_threads.o) (_sys_state_curr)
C:/devkitPro/libogc/lib/wii\libogc.a(irq.o)
                              C:/devkitPro/libogc/lib/wii\libwiiuse.a(io_wii.o) (IRQ_Disable)
C:/devkitPro/libogc/lib/wii\libogc.a(video.o)
                              VideoSystem.o (VIDEO_Configure)
C:/devkitPro/libogc/lib/wii\libogc.a(pad.o)
                              main.o (PAD_Init)
C:/devkitPro/libogc/lib/wii\libogc.a(cache_asm.o)
                              Metaphrasis.o (DCFlushRange)
C:/devkitPro/libogc/lib/wii\libogc.a(system.o)
[...]
Memory Configuration

Name             Origin             Length             Attributes
*default*        0x00000000         0xffffffff

Linker script and memory map

                0x00003400                . = 0x3400

.stub
 *(.stub)
                0x80004000                . = 0x80004000

.init           0x80004000      0x194
 *crt0.o(*.init)
 .init          0x80004000      0x170 C:/devkitPro/libogc/lib/wii\libogc.a(ogc_crt0.o)
                0x80004000                _start
                0x80004140                _memset
 *(.init)
 .init          0x80004170        0xc c:/devkitpro/devkitppc/bin/../lib/gcc/powerpc-eabi/6.3.0/ecrti.o
                0x80004170                __init
 .init          0x8000417c        0x4 c:/devkitpro/devkitppc/bin/../lib/gcc/powerpc-eabi/6.3.0/crtbegin.o
 .init          0x80004180        0x4 c:/devkitpro/devkitppc/bin/../lib/gcc/powerpc-eabi/6.3.0/crtend.o
 .init          0x80004184       0x10 c:/devkitpro/devkitppc/bin/../lib/gcc/powerpc-eabi/6.3.0/ecrtn.o

.rela.dyn       0x80004194        0x0
 .rela.iplt     0x80004194        0x0 c:/devkitpro/devkitppc/bin/../lib/gcc/powerpc-eabi/6.3.0/crtbegin.o
 .rela.eh_frame
                0x80004194        0x0 c:/devkitpro/devkitppc/bin/../lib/gcc/powerpc-eabi/6.3.0/crtbegin.o

.plt
 *(.plt)

.interp
 *(.interp)

.hash
 *(.hash)

.dynsym
 *(.dynsym)

.dynstr
 *(.dynstr)

.gnu.version
 *(.gnu.version)

.gnu.version_d
 *(.gnu.version_d)

.gnu.version_r
 *(.gnu.version_r)

.rel.init
 *(.rel.init)

.rela.init      0x80004194        0x0
 *(.rela.init)
 .rela.init     0x80004194        0x0 c:/devkitpro/devkitppc/bin/../lib/gcc/powerpc-eabi/6.3.0/crtbegin.o

.rel.text
 *(.rel.text .rel.text.* .rel.gnu.linkonce.t.*)

.rela.text      0x80004194        0x0
 *(.rela.text .rela.text.* .rela.gnu.linkonce.t.*)
 .rela.text.deregister_tm_clones
                0x80004194        0x0 c:/devkitpro/devkitppc/bin/../lib/gcc/powerpc-eabi/6.3.0/crtbegin.o
 .rela.text.register_tm_clones
                0x80004194        0x0 c:/devkitpro/devkitppc/bin/../lib/gcc/powerpc-eabi/6.3.0/crtbegin.o
 .rela.text.__do_global_dtors_aux
                0x80004194        0x0 c:/devkitpro/devkitppc/bin/../lib/gcc/powerpc-eabi/6.3.0/crtbegin.o
 .rela.text.frame_dummy
                0x80004194        0x0 c:/devkitpro/devkitppc/bin/../lib/gcc/powerpc-eabi/6.3.0/crtbegin.o
 .rela.text._ZN11MetaphrasisC2Ev
                0x80004194        0x0 c:/devkitpro/devkitppc/bin/../lib/gcc/powerpc-eabi/6.3.0/crtbegin.o
 .rela.text._ZN9ModelMesh6RenderEv
                0x80004194        0x0 c:/devkitpro/devkitppc/bin/../lib/gcc/powerpc-eabi/6.3.0/crtbegin.o
 .rela.text._ZN10FreeTypeGX24copyTextureToFramebufferEP10_gx_texobjffss9_gx_color
                0x80004194        0x0 c:/devkitpro/devkitppc/bin/../lib/gcc/powerpc-eabi/6.3.0/crtbegin.o
 .rela.text._ZN10FreeTypeGX24copyFeatureToFramebufferEffss9_gx_color
                0x80004194        0x0 c:/devkitpro/devkitppc/bin/../lib/gcc/powerpc-eabi/6.3.0/crtbegin.o
 .rela.text.wiiuse_probe_motion_plus_check1
                0x80004194        0x0 c:/devkitpro/devkitppc/bin/../lib/gcc/powerpc-eabi/6.3.0/crtbegin.o
 .rela.text.wiiuse_probe_motion_plus
                0x80004194        0x0 c:/devkitpro/devkitppc/bin/../lib/gcc/powerpc-eabi/6.3.0/crtbegin.o
 .rela.text.wiiuse_handshake
                0x80004194        0x0 c:/devkitpro/devkitppc/bin/../lib/gcc/powerpc-eabi/6.3.0/crtbegin.o
 .rela.text.wiiuse_handshake_expansion
                0x80004194        0x0 c:/devkitpro/devkitppc/bin/../lib/gcc/powerpc-eabi/6.3.0/crtbegin.o
 .rela.text.wiiuse_init_cmd_queue
                0x80004194        0x0 c:/devkitpro/devkitppc/bin/../lib/gcc/powerpc-eabi/6.3.0/crtbegin.o
 .rela.text.wiiuse_init
                0x80004194        0x0 c:/devkitpro/devkitppc/bin/../lib/gcc/powerpc-eabi/6.3.0/crtbegin.o
 .rela.text.bt_alarmhandler
                0x80004194        0x0 c:/devkitpro/devkitppc/bin/../lib/gcc/powerpc-eabi/6.3.0/crtbegin.o
 .rela.text.__lwp_rotate_readyqueue
                0x80004194        0x0 c:/devkitpro/devkitppc/bin/../lib/gcc/powerpc-eabi/6.3.0/crtbegin.o
 .rela.text.__lwp_thread_tickle_timeslice
                0x80004194        0x0 c:/devkitpro/devkitppc/bin/../lib/gcc/powerpc-eabi/6.3.0/crtbegin.o
 .rela.text.__lwp_thread_setstate
                0x80004194        0x0 c:/devkitpro/devkitppc/bin/../lib/gcc/powerpc-eabi/6.3.0/crtbegin.o
 .rela.text.__lwp_thread_setpriority
                0x80004194        0x0 c:/devkitpro/devkitppc/bin/../lib/gcc/powerpc-eabi/6.3.0/crtbegin.o
 .rela.text.__lwp_thread_suspend
                0x80004194        0x0 c:/devkitpro/devkitppc/bin/../lib/gcc/powerpc-eabi/6.3.0/crtbegin.o
 .rela.text.__lwp_thread_changepriority
                0x80004194        0x0 c:/devkitpro/devkitppc/bin/../lib/gcc/powerpc-eabi/6.3.0/crtbegin.o
 .rela.text.__lwp_thread_ready
                0x80004194        0x0 c:/devkitpro/devkitppc/bin/../lib/gcc/powerpc-eabi/6.3.0/crtbegin.o
 .rela.text.__lwp_thread_init
                0x80004194        0x0 c:/devkitpro/devkitppc/bin/../lib/gcc/powerpc-eabi/6.3.0/crtbegin.o
 .rela.text.__lwp_thread_close
                0x80004194        0x0 c:/devkitpro/devkitppc/bin/../lib/gcc/powerpc-eabi/6.3.0/crtbegin.o
 .rela.text.__lwp_thread_closeall
                0x80004194        0x0 c:/devkitpro/devkitppc/bin/../lib/gcc/powerpc-eabi/6.3.0/crtbegin.o
 .rela.text.__lwp_thread_startmultitasking
                0x80004194        0x0 c:/devkitpro/devkitppc/bin/../lib/gcc/powerpc-eabi/6.3.0/crtbegin.o
 .rela.text.__lwp_thread_stopmultitasking
                0x80004194        0x0 c:/devkitpro/devkitppc/bin/../lib/gcc/powerpc-eabi/6.3.0/crtbegin.o
 .rela.text.__lwp_thread_coreinit
                0x80004194        0x0 c:/devkitpro/devkitppc/bin/../lib/gcc/powerpc-eabi/6.3.0/crtbegin.o
 .rela.text.__lwp_sysinit
                0x80004194        0x0 c:/devkitpro/devkitppc/bin/../lib/gcc/powerpc-eabi/6.3.0/crtbegin.o
 .rela.text.__lwp_thread_isalive
                0x80004194        0x0 c:/devkitpro/devkitppc/bin/../lib/gcc/powerpc-eabi/6.3.0/crtbegin.o
 .rela.text.__lwp_thread_exists
                0x80004194        0x0 c:/devkitpro/devkitppc/bin/../lib/gcc/powerpc-eabi/6.3.0/crtbegin.o
 .rela.text.__lwp_thread_context
                0x80004194        0x0 c:/devkitpro/devkitppc/bin/../lib/gcc/powerpc-eabi/6.3.0/crtbegin.o
 .rela.text.LWP_CreateThread
                0x80004194        0x0 c:/devkitpro/devkitppc/bin/../lib/gcc/powerpc-eabi/6.3.0/crtbegin.o
 .rela.text.LWP_SuspendThread
                0x80004194        0x0 c:/devkitpro/devkitppc/bin/../lib/gcc/powerpc-eabi/6.3.0/crtbegin.o
 .rela.text.LWP_ResumeThread
                0x80004194        0x0 c:/devkitpro/devkitppc/bin/../lib/gcc/powerpc-eabi/6.3.0/crtbegin.o
 .rela.text.LWP_SetThreadPriority
                0x80004194        0x0 c:/devkitpro/devkitppc/bin/../lib/gcc/powerpc-eabi/6.3.0/crtbegin.o
 .rela.text.LWP_ThreadIsSuspended
                0x80004194        0x0 c:/devkitpro/devkitppc/bin/../lib/gcc/powerpc-eabi/6.3.0/crtbegin.o
 .rela.text.LWP_JoinThread
                0x80004194        0x0 c:/devkitpro/devkitppc/bin/../lib/gcc/powerpc-eabi/6.3.0/crtbegin.o
 .rela.text.LWP_InitQueue
                0x80004194        0x0 c:/devkitpro/devkitppc/bin/../lib/gcc/powerpc-eabi/6.3.0/crtbegin.o
 .rela.text.LWP_CloseQueue
                0x80004194        0x0 c:/devkitpro/devkitppc/bin/../lib/gcc/powerpc-eabi/6.3.0/crtbegin.o
 .rela.text.LWP_ThreadSleep
                0x80004194        0x0 c:/devkitpro/devkitppc/bin/../lib/gcc/powerpc-eabi/6.3.0/crtbegin.o
 .rela.text.LWP_ThreadBroadcast
                0x80004194        0x0 c:/devkitpro/devkitppc/bin/../lib/gcc/powerpc-eabi/6.3.0/crtbegin.o
 .rela.text.LWP_ThreadSignal
                0x80004194        0x0 c:/devkitpro/devkitppc/bin/../lib/gcc/powerpc-eabi/6.3.0/crtbegin.o
 .rela.text.__lwp_stack_allocate
                0x80004194        0x0 c:/devkitpro/devkitppc/bin/../lib/gcc/powerpc-eabi/6.3.0/crtbegin.o
 .rela.text.__lwp_stack_free
                0x80004194        0x0 c:/devkitpro/devkitppc/bin/../lib/gcc/powerpc-eabi/6.3.0/crtbegin.o
 .rela.text.__lwp_watchdog_init
                0x80004194        0x0 c:/devkitpro/devkitppc/bin/../lib/gcc/powerpc-eabi/6.3.0/crtbegin.o
 .rela.text.__lwp_wd_tickle
                0x80004194        0x0 c:/devkitpro/devkitppc/bin/../lib/gcc/powerpc-eabi/6.3.0/crtbegin.o
 .rela.text.__lwp_wkspace_heapfree
                0x80004194        0x0 c:/devkitpro/devkitppc/bin/../lib/gcc/powerpc-eabi/6.3.0/crtbegin.o
 .rela.text.__lwp_wkspace_heapused
                0x80004194        0x0 c:/devkitpro/devkitppc/bin/../lib/gcc/powerpc-eabi/6.3.0/crtbegin.o
 .rela.text.__lwp_wkspace_init
                0x80004194        0x0 c:/devkitpro/devkitppc/bin/../lib/gcc/powerpc-eabi/6.3.0/crtbegin.o
 .rela.text.__lwp_objmgr_initinfo
                0x80004194        0x0 c:/devkitpro/devkitppc/bin/../lib/gcc/powerpc-eabi/6.3.0/crtbegin.o
 .rela.text.__irq_init
                0x80004194        0x0 c:/devkitpro/devkitppc/bin/../lib/gcc/powerpc-eabi/6.3.0/crtbegin.o
 .rela.text.__call_resetfuncs
                0x80004194        0x0 c:/devkitpro/devkitppc/bin/../lib/gcc/powerpc-eabi/6.3.0/crtbegin.o
 .rela.text.__unlocksram
                0x80004194        0x0 c:/devkitpro/devkitppc/bin/../lib/gcc/powerpc-eabi/6.3.0/crtbegin.o
 .rela.text.__sram_writecallback
                0x80004194        0x0 c:/devkitpro/devkitppc/bin/../lib/gcc/powerpc-eabi/6.3.0/crtbegin.o
 .rela.text.__sys_alarmhandler
                0x80004194        0x0 c:/devkitpro/devkitppc/bin/../lib/gcc/powerpc-eabi/6.3.0/crtbegin.o
 .rela.text.__sram_read.constprop.10
                0x80004194        0x0 c:/devkitpro/devkitppc/bin/../lib/gcc/powerpc-eabi/6.3.0/crtbegin.o
 .rela.text.__sram_init
                0x80004194        0x0 c:/devkitpro/devkitppc/bin/../lib/gcc/powerpc-eabi/6.3.0/crtbegin.o
 .rela.text.__SYS_LockSram
                0x80004194        0x0 c:/devkitpro/devkitppc/bin/../lib/gcc/powerpc-eabi/6.3.0/crtbegin.o
 .rela.text.__SYS_LockSramEx
                0x80004194        0x0 c:/devkitpro/devkitppc/bin/../lib/gcc/powerpc-eabi/6.3.0/crtbegin.o
 .rela.text.__SYS_SyncSram
                0x80004194        0x0 c:/devkitpro/devkitppc/bin/../lib/gcc/powerpc-eabi/6.3.0/crtbegin.o
 .rela.text.__SYS_SetBootTime
                0x80004194        0x0 c:/devkitpro/devkitppc/bin/../lib/gcc/powerpc-eabi/6.3.0/crtbegin.o
 .rela.text.SYS_Init
                0x80004194        0x0 c:/devkitpro/devkitppc/bin/../lib/gcc/powerpc-eabi/6.3.0/crtbegin.o
 .rela.text.SYS_SetAlarm
                0x80004194        0x0 c:/devkitpro/devkitppc/bin/../lib/gcc/powerpc-eabi/6.3.0/crtbegin.o
 .rela.text.SYS_SetPeriodicAlarm
                0x80004194        0x0 c:/devkitpro/devkitppc/bin/../lib/gcc/powerpc-eabi/6.3.0/crtbegin.o
 .rela.text.SYS_RemoveAlarm
                0x80004194        0x0 c:/devkitpro/devkitppc/bin/../lib/gcc/powerpc-eabi/6.3.0/crtbegin.o
 .rela.text.SYS_CancelAlarm
                0x80004194        0x0 c:/devkitpro/devkitppc/bin/../lib/gcc/powerpc-eabi/6.3.0/crtbegin.o
 .rela.text.SYS_SetWirelessID
                0x80004194        0x0 c:/devkitpro/devkitppc/bin/../lib/gcc/powerpc-eabi/6.3.0/crtbegin.o
 .rela.text.SYS_GetWirelessID
                0x80004194        0x0 c:/devkitpro/devkitppc/bin/../lib/gcc/powerpc-eabi/6.3.0/crtbegin.o
 .rela.text.__lwp_cond_waitsupp.constprop.4
                0x80004194        0x0 c:/devkitpro/devkitppc/bin/../lib/gcc/powerpc-eabi/6.3.0/crtbegin.o
 .rela.text.__lwp_cond_signalsupp
                0x80004194        0x0 c:/devkitpro/devkitppc/bin/../lib/gcc/powerpc-eabi/6.3.0/crtbegin.o
 .rela.text.__lwp_cond_init
                0x80004194        0x0 c:/devkitpro/devkitppc/bin/../lib/gcc/powerpc-eabi/6.3.0/crtbegin.o
 .rela.text.LWP_CondInit
                0x80004194        0x0 c:/devkitpro/devkitppc/bin/../lib/gcc/powerpc-eabi/6.3.0/crtbegin.o
 .rela.text.LWP_CondDestroy
                0x80004194        0x0 c:/devkitpro/devkitppc/bin/../lib/gcc/powerpc-eabi/6.3.0/crtbegin.o
 .rela.text.__GX_InitRevBits
                0x80004194        0x0 c:/devkitpro/devkitppc/bin/../lib/gcc/powerpc-eabi/6.3.0/crtbegin.o
 .rela.text.__GX_CleanGPFifo
                0x80004194        0x0 c:/devkitpro/devkitppc/bin/../lib/gcc/powerpc-eabi/6.3.0/crtbegin.o
 .rela.text.__GXDefTexRegionCallback
                0x80004194        0x0 c:/devkitpro/devkitppc/bin/../lib/gcc/powerpc-eabi/6.3.0/crtbegin.o
 .rela.text.__GXDefTlutRegionCallback
                0x80004194        0x0 c:/devkitpro/devkitppc/bin/../lib/gcc/powerpc-eabi/6.3.0/crtbegin.o
 .rela.text.__SetSURegs
                0x80004194        0x0 c:/devkitpro/devkitppc/bin/../lib/gcc/powerpc-eabi/6.3.0/crtbegin.o
 .rela.text.__GXCPInterruptHandler
                0x80004194        0x0 c:/devkitpro/devkitppc/bin/../lib/gcc/powerpc-eabi/6.3.0/crtbegin.o
 .rela.text.__GX_Abort
                0x80004194        0x0 c:/devkitpro/devkitppc/bin/../lib/gcc/powerpc-eabi/6.3.0/crtbegin.o
 .rela.text.GX_SetTexCoordGen2.part.7
                0x80004194        0x0 c:/devkitpro/devkitppc/bin/../lib/gcc/powerpc-eabi/6.3.0/crtbegin.o
 .rela.text.__GX_SetDirtyState
                0x80004194        0x0 c:/devkitpro/devkitppc/bin/../lib/gcc/powerpc-eabi/6.3.0/crtbegin.o
 .rela.text.GX_SetCPUFifo
                0x80004194        0x0 c:/devkitpro/devkitppc/bin/../lib/gcc/powerpc-eabi/6.3.0/crtbegin.o
 .rela.text.GX_SetGPFifo
                0x80004194        0x0 c:/devkitpro/devkitppc/bin/../lib/gcc/powerpc-eabi/6.3.0/crtbegin.o
 .rela.text.GX_RestoreWriteGatherPipe
                0x80004194        0x0 c:/devkitpro/devkitppc/bin/../lib/gcc/powerpc-eabi/6.3.0/crtbegin.o
 .rela.text.GX_Flush
                0x80004194        0x0 c:/devkitpro/devkitppc/bin/../lib/gcc/powerpc-eabi/6.3.0/crtbegin.o
 .rela.text.GX_RedirectWriteGatherPipe
                0x80004194        0x0 c:/devkitpro/devkitppc/bin/../lib/gcc/powerpc-eabi/6.3.0/crtbegin.o
 .rela.text.__gx_onreset
                0x80004194        0x0 c:/devkitpro/devkitppc/bin/../lib/gcc/powerpc-eabi/6.3.0/crtbegin.o
 .rela.text.GX_EnableBreakPt
                0x80004194        0x0 c:/devkitpro/devkitppc/bin/../lib/gcc/powerpc-eabi/6.3.0/crtbegin.o
 .rela.text.GX_DisableBreakPt
                0x80004194        0x0 c:/devkitpro/devkitppc/bin/../lib/gcc/powerpc-eabi/6.3.0/crtbegin.o
 .rela.text.GX_AbortFrame
                0x80004194        0x0 c:/devkitpro/devkitppc/bin/../lib/gcc/powerpc-eabi/6.3.0/crtbegin.o
 .rela.text.GX_PixModeSync
                0x80004194        0x0 c:/devkitpro/devkitppc/bin/../lib/gcc/powerpc-eabi/6.3.0/crtbegin.o
 .rela.text.GX_SetMisc
                0x80004194        0x0 c:/devkitpro/devkitppc/bin/../lib/gcc/powerpc-eabi/6.3.0/crtbegin.o
 .rela.text.GX_SetCopyClamp
                0x80004194        0x0 c:/devkitpro/devkitppc/bin/../lib/gcc/powerpc-eabi/6.3.0/crtbegin.o
 .rela.text.GX_SetDispCopyGamma
                0x80004194        0x0 c:/devkitpro/devkitppc/bin/../lib/gcc/powerpc-eabi/6.3.0/crtbegin.o
 .rela.text.GX_SetDispCopyFrame2Field
                0x80004194        0x0 c:/devkitpro/devkitppc/bin/../lib/gcc/powerpc-eabi/6.3.0/crtbegin.o
 .rela.text.GX_SetDispCopyYScale
                0x80004194        0x0 c:/devkitpro/devkitppc/bin/../lib/gcc/powerpc-eabi/6.3.0/crtbegin.o
 .rela.text.GX_SetDispCopyDst
                0x80004194        0x0 c:/devkitpro/devkitppc/bin/../lib/gcc/powerpc-eabi/6.3.0/crtbegin.o
 .rela.text.GX_SetDispCopySrc
                0x80004194        0x0 c:/devkitpro/devkitppc/bin/../lib/gcc/powerpc-eabi/6.3.0/crtbegin.o
 .rela.text.GX_CopyDisp
                0x80004194        0x0 c:/devkitpro/devkitppc/bin/../lib/gcc/powerpc-eabi/6.3.0/crtbegin.o
 .rela.text.GX_CopyTex
                0x80004194        0x0 c:/devkitpro/devkitppc/bin/../lib/gcc/powerpc-eabi/6.3.0/crtbegin.o
 .rela.text.GX_SetTexCopySrc
                0x80004194        0x0 c:/devkitpro/devkitppc/bin/../lib/gcc/powerpc-eabi/6.3.0/crtbegin.o
 .rela.text.GX_SetTexCopyDst
                0x80004194        0x0 c:/devkitpro/devkitppc/bin/../lib/gcc/powerpc-eabi/6.3.0/crtbegin.o
 .rela.text.GX_BeginDispList
                0x80004194        0x0 c:/devkitpro/devkitppc/bin/../lib/gcc/powerpc-eabi/6.3.0/crtbegin.o
 .rela.text.GX_EndDispList
                0x80004194        0x0 c:/devkitpro/devkitppc/bin/../lib/gcc/powerpc-eabi/6.3.0/crtbegin.o
 .rela.text.GX_CallDispList
                0x80004194        0x0 c:/devkitpro/devkitppc/bin/../lib/gcc/powerpc-eabi/6.3.0/crtbegin.o
 .rela.text.GX_SetChanCtrl
                0x80004194        0x0 c:/devkitpro/devkitppc/bin/../lib/gcc/powerpc-eabi/6.3.0/crtbegin.o
 .rela.text.GX_SetChanAmbColor
                0x80004194        0x0 c:/devkitpro/devkitppc/bin/../lib/gcc/powerpc-eabi/6.3.0/crtbegin.o
 .rela.text.GX_SetChanMatColor
                0x80004194        0x0 c:/devkitpro/devkitppc/bin/../lib/gcc/powerpc-eabi/6.3.0/crtbegin.o
 .rela.text.GX_SetVtxDesc
                0x80004194        0x0 c:/devkitpro/devkitppc/bin/../lib/gcc/powerpc-eabi/6.3.0/crtbegin.o
 .rela.text.GX_SetVtxDescv
                0x80004194        0x0 c:/devkitpro/devkitppc/bin/../lib/gcc/powerpc-eabi/6.3.0/crtbegin.o
 .rela.text.GX_GetVtxDescv
                0x80004194        0x0 c:/devkitpro/devkitppc/bin/../lib/gcc/powerpc-eabi/6.3.0/crtbegin.o
 .rela.text.GX_SetVtxAttrFmt
                0x80004194        0x0 c:/devkitpro/devkitppc/bin/../lib/gcc/powerpc-eabi/6.3.0/crtbegin.o
 .rela.text.GX_SetVtxAttrFmtv
                0x80004194        0x0 c:/devkitpro/devkitppc/bin/../lib/gcc/powerpc-eabi/6.3.0/crtbegin.o
 .rela.text.GX_Begin
                0x80004194        0x0 c:/devkitpro/devkitppc/bin/../lib/gcc/powerpc-eabi/6.3.0/crtbegin.o
 .rela.text.GX_SetCurrentMtx
                0x80004194        0x0 c:/devkitpro/devkitppc/bin/../lib/gcc/powerpc-eabi/6.3.0/crtbegin.o
 .rela.text.GX_SetNumTexGens
                0x80004194        0x0 c:/devkitpro/devkitppc/bin/../lib/gcc/powerpc-eabi/6.3.0/crtbegin.o
 .rela.text.GX_SetZMode
                0x80004194        0x0 c:/devkitpro/devkitppc/bin/../lib/gcc/powerpc-eabi/6.3.0/crtbegin.o
 .rela.text.GX_LoadTexObjPreloaded
                0x80004194        0x0 c:/devkitpro/devkitppc/bin/../lib/gcc/powerpc-eabi/6.3.0/crtbegin.o
 .rela.text.GX_PreloadEntireTexture
                0x80004194        0x0 c:/devkitpro/devkitppc/bin/../lib/gcc/powerpc-eabi/6.3.0/crtbegin.o
 .rela.text.GX_InvalidateTexAll
                0x80004194        0x0 c:/devkitpro/devkitppc/bin/../lib/gcc/powerpc-eabi/6.3.0/crtbegin.o
 .rela.text.GX_InvalidateTexRegion
                0x80004194        0x0 c:/devkitpro/devkitppc/bin/../lib/gcc/powerpc-eabi/6.3.0/crtbegin.o
 .rela.text.GX_LoadTlut
                0x80004194        0x0 c:/devkitpro/devkitppc/bin/../lib/gcc/powerpc-eabi/6.3.0/crtbegin.o
 .rela.text.GX_SetTexCoordScaleManually
                0x80004194        0x0 c:/devkitpro/devkitppc/bin/../lib/gcc/powerpc-eabi/6.3.0/crtbegin.o
 .rela.text.GX_SetTexCoordCylWrap
                0x80004194        0x0 c:/devkitpro/devkitppc/bin/../lib/gcc/powerpc-eabi/6.3.0/crtbegin.o
 .rela.text.GX_SetTexCoordBias
                0x80004194        0x0 c:/devkitpro/devkitppc/bin/../lib/gcc/powerpc-eabi/6.3.0/crtbegin.o
 .rela.text.GX_SetBlendMode
                0x80004194        0x0 c:/devkitpro/devkitppc/bin/../lib/gcc/powerpc-eabi/6.3.0/crtbegin.o
 .rela.text.GX_ClearVtxDesc
                0x80004194        0x0 c:/devkitpro/devkitppc/bin/../lib/gcc/powerpc-eabi/6.3.0/crtbegin.o
 .rela.text.GX_SetLineWidth
                0x80004194        0x0 c:/devkitpro/devkitppc/bin/../lib/gcc/powerpc-eabi/6.3.0/crtbegin.o
 .rela.text.GX_SetPointSize
                0x80004194        0x0 c:/devkitpro/devkitppc/bin/../lib/gcc/powerpc-eabi/6.3.0/crtbegin.o
 .rela.text.GX_SetTevColorIn
                0x80004194        0x0 c:/devkitpro/devkitppc/bin/../lib/gcc/powerpc-eabi/6.3.0/crtbegin.o
 .rela.text.GX_SetTevAlphaIn
                0x80004194        0x0 c:/devkitpro/devkitppc/bin/../lib/gcc/powerpc-eabi/6.3.0/crtbegin.o
 .rela.text.GX_SetTevColorOp
                0x80004194        0x0 c:/devkitpro/devkitppc/bin/../lib/gcc/powerpc-eabi/6.3.0/crtbegin.o
 .rela.text.GX_SetTevAlphaOp
                0x80004194        0x0 c:/devkitpro/devkitppc/bin/../lib/gcc/powerpc-eabi/6.3.0/crtbegin.o
 .rela.text.GX_SetTevOp
                0x80004194        0x0 c:/devkitpro/devkitppc/bin/../lib/gcc/powerpc-eabi/6.3.0/crtbegin.o
 .rela.text.GX_SetCullMode
                0x80004194        0x0 c:/devkitpro/devkitppc/bin/../lib/gcc/powerpc-eabi/6.3.0/crtbegin.o
 .rela.text.GX_SetCoPlanar
                0x80004194        0x0 c:/devkitpro/devkitppc/bin/../lib/gcc/powerpc-eabi/6.3.0/crtbegin.o
 .rela.text.GX_EnableTexOffsets
                0x80004194        0x0 c:/devkitpro/devkitppc/bin/../lib/gcc/powerpc-eabi/6.3.0/crtbegin.o
 .rela.text.GX_SetScissor
                0x80004194        0x0 c:/devkitpro/devkitppc/bin/../lib/gcc/powerpc-eabi/6.3.0/crtbegin.o
 .rela.text.GX_SetNumChans
                0x80004194        0x0 c:/devkitpro/devkitppc/bin/../lib/gcc/powerpc-eabi/6.3.0/crtbegin.o
 .rela.text.GX_SetTevOrder
                0x80004194        0x0 c:/devkitpro/devkitppc/bin/../lib/gcc/powerpc-eabi/6.3.0/crtbegin.o
 .rela.text.GX_SetNumTevStages
                0x80004194        0x0 c:/devkitpro/devkitppc/bin/../lib/gcc/powerpc-eabi/6.3.0/crtbegin.o
 .rela.text.GX_SetTevKColorSel
                0x80004194        0x0 c:/devkitpro/devkitppc/bin/../lib/gcc/powerpc-eabi/6.3.0/crtbegin.o
 .rela.text.GX_SetTevKAlphaSel
                0x80004194        0x0 c:/devkitpro/devkitppc/bin/../lib/gcc/powerpc-eabi/6.3.0/crtbegin.o
 .rela.text.GX_SetTevSwapMode
                0x80004194        0x0 c:/devkitpro/devkitppc/bin/../lib/gcc/powerpc-eabi/6.3.0/crtbegin.o
 .rela.text.GX_SetTevSwapModeTable
                0x80004194        0x0 c:/devkitpro/devkitppc/bin/../lib/gcc/powerpc-eabi/6.3.0/crtbegin.o
 .rela.text.GX_SetNumIndStages
                0x80004194        0x0 c:/devkitpro/devkitppc/bin/../lib/gcc/powerpc-eabi/6.3.0/crtbegin.o
 .rela.text.GX_SetIndTexCoordScale
                0x80004194        0x0 c:/devkitpro/devkitppc/bin/../lib/gcc/powerpc-eabi/6.3.0/crtbegin.o
 .rela.text.GX_SetColorUpdate
                0x80004194        0x0 c:/devkitpro/devkitppc/bin/../lib/gcc/powerpc-eabi/6.3.0/crtbegin.o
 .rela.text.GX_SetAlphaUpdate
                0x80004194        0x0 c:/devkitpro/devkitppc/bin/../lib/gcc/powerpc-eabi/6.3.0/crtbegin.o
 .rela.text.GX_SetZCompLoc
                0x80004194        0x0 c:/devkitpro/devkitppc/bin/../lib/gcc/powerpc-eabi/6.3.0/crtbegin.o
 .rela.text.GX_SetPixelFmt
                0x80004194        0x0 c:/devkitpro/devkitppc/bin/../lib/gcc/powerpc-eabi/6.3.0/crtbegin.o
 .rela.text.GX_SetDither
                0x80004194        0x0 c:/devkitpro/devkitppc/bin/../lib/gcc/powerpc-eabi/6.3.0/crtbegin.o
 .rela.text.GX_SetDstAlpha
                0x80004194        0x0 c:/devkitpro/devkitppc/bin/../lib/gcc/powerpc-eabi/6.3.0/crtbegin.o
 .rela.text.GX_SetFieldMode
                0x80004194        0x0 c:/devkitpro/devkitppc/bin/../lib/gcc/powerpc-eabi/6.3.0/crtbegin.o
 .rela.text.GX_SetIndTexOrder
                0x80004194        0x0 c:/devkitpro/devkitppc/bin/../lib/gcc/powerpc-eabi/6.3.0/crtbegin.o
 .rela.text.GX_SetGPMetric
                0x80004194        0x0 c:/devkitpro/devkitppc/bin/../lib/gcc/powerpc-eabi/6.3.0/crtbegin.o
 .rela.text.GX_Init
                0x80004194        0x0 c:/devkitpro/devkitppc/bin/../lib/gcc/powerpc-eabi/6.3.0/crtbegin.o
 .rela.text.GX_ReadGPMetric
                0x80004194        0x0 c:/devkitpro/devkitppc/bin/../lib/gcc/powerpc-eabi/6.3.0/crtbegin.o
 .rela.text.c_decrementer_handler
                0x80004194        0x0 c:/devkitpro/devkitppc/bin/../lib/gcc/powerpc-eabi/6.3.0/crtbegin.o
 .rela.text.__lwp_mqbox_init
                0x80004194        0x0 c:/devkitpro/devkitppc/bin/../lib/gcc/powerpc-eabi/6.3.0/crtbegin.o
 .rela.text.MQ_Init
                0x80004194        0x0 c:/devkitpro/devkitppc/bin/../lib/gcc/powerpc-eabi/6.3.0/crtbegin.o
 .rela.text.MQ_Close
                0x80004194        0x0 c:/devkitpro/devkitppc/bin/../lib/gcc/powerpc-eabi/6.3.0/crtbegin.o
 .rela.text.MQ_Send
                0x80004194        0x0 c:/devkitpro/devkitppc/bin/../lib/gcc/powerpc-eabi/6.3.0/crtbegin.o
 .rela.text.MQ_Receive
                0x80004194        0x0 c:/devkitpro/devkitppc/bin/../lib/gcc/powerpc-eabi/6.3.0/crtbegin.o
 .rela.text.MQ_Jam
                0x80004194        0x0 c:/devkitpro/devkitppc/bin/../lib/gcc/powerpc-eabi/6.3.0/crtbegin.o
 .rela.text.__ios_ioctlvformat_parse
                0x80004194        0x0 c:/devkitpro/devkitppc/bin/../lib/gcc/powerpc-eabi/6.3.0/crtbegin.o
 .rela.text.__ioctlvfmtCB
                0x80004194        0x0 c:/devkitpro/devkitppc/bin/../lib/gcc/powerpc-eabi/6.3.0/crtbegin.o
 .rela.text.IOS_IoctlvFormat
                0x80004194        0x0 c:/devkitpro/devkitppc/bin/../lib/gcc/powerpc-eabi/6.3.0/crtbegin.o
 .rela.text.IOS_IoctlvFormatAsync
                0x80004194        0x0 c:/devkitpro/devkitppc/bin/../lib/gcc/powerpc-eabi/6.3.0/crtbegin.o
 .rela.text.nanosleep
                0x80004194        0x0 c:/devkitpro/devkitppc/bin/../lib/gcc/powerpc-eabi/6.3.0/crtbegin.o
 .rela.text.__libc_delete_hook
                0x80004194        0x0 c:/devkitpro/devkitppc/bin/../lib/gcc/powerpc-eabi/6.3.0/crtbegin.o
 .rela.text.__libc_init
                0x80004194        0x0 c:/devkitpro/devkitppc/bin/../lib/gcc/powerpc-eabi/6.3.0/crtbegin.o
 .rela.text.__CheckARGV
                0x80004194        0x0 c:/devkitpro/devkitppc/bin/../lib/gcc/powerpc-eabi/6.3.0/crtbegin.o
 .rela.text.__lwp_priority_init
                0x80004194        0x0 c:/devkitpro/devkitppc/bin/../lib/gcc/powerpc-eabi/6.3.0/crtbegin.o
 .rela.text.__lwp_threadqueue_enqueuefifo
                0x80004194        0x0 c:/devkitpro/devkitppc/bin/../lib/gcc/powerpc-eabi/6.3.0/crtbegin.o
 .rela.text.__lwp_threadqueue_dequeuefifo
                0x80004194        0x0 c:/devkitpro/devkitppc/bin/../lib/gcc/powerpc-eabi/6.3.0/crtbegin.o
 .rela.text.__lwp_threadqueue_enqueuepriority
                0x80004194        0x0 c:/devkitpro/devkitppc/bin/../lib/gcc/powerpc-eabi/6.3.0/crtbegin.o
 .rela.text.__lwp_threadqueue_dequeuepriority
                0x80004194        0x0 c:/devkitpro/devkitppc/bin/../lib/gcc/powerpc-eabi/6.3.0/crtbegin.o
 .rela.text.__lwp_threadqueue_enqueue
                0x80004194        0x0 c:/devkitpro/devkitppc/bin/../lib/gcc/powerpc-eabi/6.3.0/crtbegin.o
 .rela.text.__lwp_threadqueue_extractfifo
                0x80004194        0x0 c:/devkitpro/devkitppc/bin/../lib/gcc/powerpc-eabi/6.3.0/crtbegin.o
 .rela.text.__lwp_threadqueue_extractpriority
                0x80004194        0x0 c:/devkitpro/devkitppc/bin/../lib/gcc/powerpc-eabi/6.3.0/crtbegin.o
 .rela.text.__lwpmq_initialize
                0x80004194        0x0 c:/devkitpro/devkitppc/bin/../lib/gcc/powerpc-eabi/6.3.0/crtbegin.o
 .rela.text.__lwpmq_close
                0x80004194        0x0 c:/devkitpro/devkitppc/bin/../lib/gcc/powerpc-eabi/6.3.0/crtbegin.o
 .rela.text.__systemcall_init
                0x80004194        0x0 c:/devkitpro/devkitppc/bin/../lib/gcc/powerpc-eabi/6.3.0/crtbegin.o
 .rela.text.__exception_init
                0x80004194        0x0 c:/devkitpro/devkitppc/bin/../lib/gcc/powerpc-eabi/6.3.0/crtbegin.o
 .rela.text.__exception_close
                0x80004194        0x0 c:/devkitpro/devkitppc/bin/../lib/gcc/powerpc-eabi/6.3.0/crtbegin.o
 .rela.text.__exception_sethandler
                0x80004194        0x0 c:/devkitpro/devkitppc/bin/../lib/gcc/powerpc-eabi/6.3.0/crtbegin.o
 .rela.text     0x80004194        0x0 c:/devkitpro/devkitppc/bin/../lib/gcc/powerpc-eabi/6.3.0/crtbegin.o
 .rela.text.__lwp_sema_init
                0x80004194        0x0 c:/devkitpro/devkitppc/bin/../lib/gcc/powerpc-eabi/6.3.0/crtbegin.o
 .rela.text.LWP_SemInit
                0x80004194        0x0 c:/devkitpro/devkitppc/bin/../lib/gcc/powerpc-eabi/6.3.0/crtbegin.o
 .rela.text.LWP_SemWait
                0x80004194        0x0 c:/devkitpro/devkitppc/bin/../lib/gcc/powerpc-eabi/6.3.0/crtbegin.o
 .rela.text.LWP_SemPost
                0x80004194        0x0 c:/devkitpro/devkitppc/bin/../lib/gcc/powerpc-eabi/6.3.0/crtbegin.o
 .rela.text.LWP_SemDestroy
                0x80004194        0x0 c:/devkitpro/devkitppc/bin/../lib/gcc/powerpc-eabi/6.3.0/crtbegin.o
 .rela.text.__lwp_mutex_locksupp.constprop.8
                0x80004194        0x0 c:/devkitpro/devkitppc/bin/../lib/gcc/powerpc-eabi/6.3.0/crtbegin.o
 .rela.text.__lwp_mutex_init
                0x80004194        0x0 c:/devkitpro/devkitppc/bin/../lib/gcc/powerpc-eabi/6.3.0/crtbegin.o
 .rela.text.LWP_MutexInit
                0x80004194        0x0 c:/devkitpro/devkitppc/bin/../lib/gcc/powerpc-eabi/6.3.0/crtbegin.o
 .rela.text.LWP_MutexDestroy
                0x80004194        0x0 c:/devkitpro/devkitppc/bin/../lib/gcc/powerpc-eabi/6.3.0/crtbegin.o
 .rela.text.LWP_MutexUnlock
                0x80004194        0x0 c:/devkitpro/devkitppc/bin/../lib/gcc/powerpc-eabi/6.3.0/crtbegin.o
 .rela.text.kprintf
                0x80004194        0x0 c:/devkitpro/devkitppc/bin/../lib/gcc/powerpc-eabi/6.3.0/crtbegin.o
 .rela.text.__console_init
                0x80004194        0x0 c:/devkitpro/devkitppc/bin/../lib/gcc/powerpc-eabi/6.3.0/crtbegin.o
 .rela.text.__console_init_ex
                0x80004194        0x0 c:/devkitpro/devkitppc/bin/../lib/gcc/powerpc-eabi/6.3.0/crtbegin.o
 .rela.text.CON_EnableGecko
                0x80004194        0x0 c:/devkitpro/devkitppc/bin/../lib/gcc/powerpc-eabi/6.3.0/crtbegin.o
 .rela.text.__gxx_personality_v0
                0x80004194        0x0 c:/devkitpro/devkitppc/bin/../lib/gcc/powerpc-eabi/6.3.0/crtbegin.o
 .rela.text.__cxa_call_unexpected
                0x80004194        0x0 c:/devkitpro/devkitppc/bin/../lib/gcc/powerpc-eabi/6.3.0/crtbegin.o
 .rela.text._Znwj
                0x80004194        0x0 c:/devkitpro/devkitppc/bin/../lib/gcc/powerpc-eabi/6.3.0/crtbegin.o
 .rela.text.__cxa_bad_cast
                0x80004194        0x0 c:/devkitpro/devkitppc/bin/../lib/gcc/powerpc-eabi/6.3.0/crtbegin.o
 .rela.text.__cxa_bad_typeid
                0x80004194        0x0 c:/devkitpro/devkitppc/bin/../lib/gcc/powerpc-eabi/6.3.0/crtbegin.o
 .rela.text.__cxa_throw_bad_array_new_length
                0x80004194        0x0 c:/devkitpro/devkitppc/bin/../lib/gcc/powerpc-eabi/6.3.0/crtbegin.o
 .rela.text._ZNSt10bad_typeidD2Ev
                0x80004194        0x0 c:/devkitpro/devkitppc/bin/../lib/gcc/powerpc-eabi/6.3.0/crtbegin.o
 .rela.text._ZNSt10bad_typeidD0Ev
                0x80004194        0x0 c:/devkitpro/devkitppc/bin/../lib/gcc/powerpc-eabi/6.3.0/crtbegin.o
 .rela.text._ZN10__cxxabiv117__class_type_infoD2Ev
                0x80004194        0x0 c:/devkitpro/devkitppc/bin/../lib/gcc/powerpc-eabi/6.3.0/crtbegin.o
 .rela.text._ZN10__cxxabiv117__class_type_infoD0Ev
                0x80004194        0x0 c:/devkitpro/devkitppc/bin/../lib/gcc/powerpc-eabi/6.3.0/crtbegin.o
 .rela.text._ZSt9terminatev
                0x80004194        0x0 c:/devkitpro/devkitppc/bin/../lib/gcc/powerpc-eabi/6.3.0/crtbegin.o
 .rela.text._ZSt10unexpectedv
                0x80004194        0x0 c:/devkitpro/devkitppc/bin/../lib/gcc/powerpc-eabi/6.3.0/crtbegin.o
 .rela.text._ZSt13set_terminatePFvvE
                0x80004194        0x0 c:/devkitpro/devkitppc/bin/../lib/gcc/powerpc-eabi/6.3.0/crtbegin.o
 .rela.text._ZSt13get_terminatev
                0x80004194        0x0 c:/devkitpro/devkitppc/bin/../lib/gcc/powerpc-eabi/6.3.0/crtbegin.o
 .rela.text._ZSt14set_unexpectedPFvvE
                0x80004194        0x0 c:/devkitpro/devkitppc/bin/../lib/gcc/powerpc-eabi/6.3.0/crtbegin.o
 .rela.text._ZSt14get_unexpectedv
                0x80004194        0x0 c:/devkitpro/devkitppc/bin/../lib/gcc/powerpc-eabi/6.3.0/crtbegin.o
 .rela.text._ZNSt9bad_allocD2Ev
                0x80004194        0x0 c:/devkitpro/devkitppc/bin/../lib/gcc/powerpc-eabi/6.3.0/crtbegin.o
 .rela.text._ZNSt9bad_allocD0Ev
                0x80004194        0x0 c:/devkitpro/devkitppc/bin/../lib/gcc/powerpc-eabi/6.3.0/crtbegin.o
 .rela.text._ZN10__cxxabiv120__si_class_type_infoD2Ev
                0x80004194        0x0 c:/devkitpro/devkitppc/bin/../lib/gcc/powerpc-eabi/6.3.0/crtbegin.o
 .rela.text._ZN10__cxxabiv120__si_class_type_infoD0Ev
                0x80004194        0x0 c:/devkitpro/devkitppc/bin/../lib/gcc/powerpc-eabi/6.3.0/crtbegin.o
 .rela.text._ZNSt20bad_array_new_lengthD2Ev
                0x80004194        0x0 c:/devkitpro/devkitppc/bin/../lib/gcc/powerpc-eabi/6.3.0/crtbegin.o
 .rela.text._ZNSt20bad_array_new_lengthD0Ev
                0x80004194        0x0 c:/devkitpro/devkitppc/bin/../lib/gcc/powerpc-eabi/6.3.0/crtbegin.o
 .rela.text._ZNSt8bad_castD2Ev
                0x80004194        0x0 c:/devkitpro/devkitppc/bin/../lib/gcc/powerpc-eabi/6.3.0/crtbegin.o
 .rela.text._ZNSt8bad_castD0Ev
                0x80004194        0x0 c:/devkitpro/devkitppc/bin/../lib/gcc/powerpc-eabi/6.3.0/crtbegin.o
 .rela.text.atangent
                0x80004194        0x0 c:/devkitpro/devkitppc/bin/../lib/gcc/powerpc-eabi/6.3.0/crtbegin.o
 .rela.text.atangentf
                0x80004194        0x0 c:/devkitpro/devkitppc/bin/../lib/gcc/powerpc-eabi/6.3.0/crtbegin.o
 .rela.text.sinef
                0x80004194        0x0 c:/devkitpro/devkitppc/bin/../lib/gcc/powerpc-eabi/6.3.0/crtbegin.o
 .rela.text.sqrtf
                0x80004194        0x0 c:/devkitpro/devkitppc/bin/../lib/gcc/powerpc-eabi/6.3.0/crtbegin.o
 .rela.text.tanf
                0x80004194        0x0 c:/devkitpro/devkitppc/bin/../lib/gcc/powerpc-eabi/6.3.0/crtbegin.o
 .rela.text._exit
                0x80004194        0x0 c:/devkitpro/devkitppc/bin/../lib/gcc/powerpc-eabi/6.3.0/crtbegin.o
 .rela.text.calloc
                0x80004194        0x0 c:/devkitpro/devkitppc/bin/../lib/gcc/powerpc-eabi/6.3.0/crtbegin.o
 .rela.text.__errno
                0x80004194        0x0 c:/devkitpro/devkitppc/bin/../lib/gcc/powerpc-eabi/6.3.0/crtbegin.o
 .rela.text.exit
                0x80004194        0x0 c:/devkitpro/devkitppc/bin/../lib/gcc/powerpc-eabi/6.3.0/crtbegin.o
 .rela.text.fclose
                0x80004194        0x0 c:/devkitpro/devkitppc/bin/../lib/gcc/powerpc-eabi/6.3.0/crtbegin.o
 .rela.text.fflush
                0x80004194        0x0 c:/devkitpro/devkitppc/bin/../lib/gcc/powerpc-eabi/6.3.0/crtbegin.o
 .rela.text.std.isra.0
                0x80004194        0x0 c:/devkitpro/devkitppc/bin/../lib/gcc/powerpc-eabi/6.3.0/crtbegin.o
 .rela.text._cleanup
                0x80004194        0x0 c:/devkitpro/devkitppc/bin/../lib/gcc/powerpc-eabi/6.3.0/crtbegin.o
 .rela.text.__sfp
                0x80004194        0x0 c:/devkitpro/devkitppc/bin/../lib/gcc/powerpc-eabi/6.3.0/crtbegin.o
 .rela.text.__fp_lock_all
                0x80004194        0x0 c:/devkitpro/devkitppc/bin/../lib/gcc/powerpc-eabi/6.3.0/crtbegin.o
 .rela.text.__fp_unlock_all
                0x80004194        0x0 c:/devkitpro/devkitppc/bin/../lib/gcc/powerpc-eabi/6.3.0/crtbegin.o
 .rela.text.fmemopen
                0x80004194        0x0 c:/devkitpro/devkitppc/bin/../lib/gcc/powerpc-eabi/6.3.0/crtbegin.o
 .rela.text._fopen_r
                0x80004194        0x0 c:/devkitpro/devkitppc/bin/../lib/gcc/powerpc-eabi/6.3.0/crtbegin.o
 .rela.text.fopen
                0x80004194        0x0 c:/devkitpro/devkitppc/bin/../lib/gcc/powerpc-eabi/6.3.0/crtbegin.o
 .rela.text.fprintf
                0x80004194        0x0 c:/devkitpro/devkitppc/bin/../lib/gcc/powerpc-eabi/6.3.0/crtbegin.o
 .rela.text.fread
                0x80004194        0x0 c:/devkitpro/devkitppc/bin/../lib/gcc/powerpc-eabi/6.3.0/crtbegin.o
 .rela.text._malloc_trim_r
                0x80004194        0x0 c:/devkitpro/devkitppc/bin/../lib/gcc/powerpc-eabi/6.3.0/crtbegin.o
 .rela.text._free_r
                0x80004194        0x0 c:/devkitpro/devkitppc/bin/../lib/gcc/powerpc-eabi/6.3.0/crtbegin.o
 .rela.text.fscanf
                0x80004194        0x0 c:/devkitpro/devkitppc/bin/../lib/gcc/powerpc-eabi/6.3.0/crtbegin.o
 .rela.text.fseek
                0x80004194        0x0 c:/devkitpro/devkitppc/bin/../lib/gcc/powerpc-eabi/6.3.0/crtbegin.o
 .rela.text._fseeko_r
                0x80004194        0x0 c:/devkitpro/devkitppc/bin/../lib/gcc/powerpc-eabi/6.3.0/crtbegin.o
 .rela.text.fseeko
                0x80004194        0x0 c:/devkitpro/devkitppc/bin/../lib/gcc/powerpc-eabi/6.3.0/crtbegin.o
 .rela.text.ftell
                0x80004194        0x0 c:/devkitpro/devkitppc/bin/../lib/gcc/powerpc-eabi/6.3.0/crtbegin.o
 .rela.text.ftello
                0x80004194        0x0 c:/devkitpro/devkitppc/bin/../lib/gcc/powerpc-eabi/6.3.0/crtbegin.o
 .rela.text.fwrite
                0x80004194        0x0 c:/devkitpro/devkitppc/bin/../lib/gcc/powerpc-eabi/6.3.0/crtbegin.o
 .rela.text.__loadlocale
                0x80004194        0x0 c:/devkitpro/devkitppc/bin/../lib/gcc/powerpc-eabi/6.3.0/crtbegin.o
 .rela.text._dtoa_r
                0x80004194        0x0 c:/devkitpro/devkitppc/bin/../lib/gcc/powerpc-eabi/6.3.0/crtbegin.o
 .rela.text._findenv_r
                0x80004194        0x0 c:/devkitpro/devkitppc/bin/../lib/gcc/powerpc-eabi/6.3.0/crtbegin.o

.rel.fini
 *(.rel.fini)

.rela.fini
 *(.rela.fini)

.rel.rodata
 *(.rel.rodata .rel.rodata.* .rel.gnu.linkonce.r.*)

.rela.rodata    0x80004194        0x0
 *(.rela.rodata .rela.rodata.* .rela.gnu.linkonce.r.*)
 .rela.rodata._ZTV11Metaphrasis
                0x80004194        0x0 c:/devkitpro/devkitppc/bin/../lib/gcc/powerpc-eabi/6.3.0/crtbegin.o
 .rela.rodata   0x80004194        0x0 c:/devkitpro/devkitppc/bin/../lib/gcc/powerpc-eabi/6.3.0/crtbegin.o
 .rela.rodata._ZTISt10bad_typeid
                0x80004194        0x0 c:/devkitpro/devkitppc/bin/../lib/gcc/powerpc-eabi/6.3.0/crtbegin.o
 .rela.rodata._ZTVSt10bad_typeid
                0x80004194        0x0 c:/devkitpro/devkitppc/bin/../lib/gcc/powerpc-eabi/6.3.0/crtbegin.o
 .rela.rodata._ZTIN10__cxxabiv117__class_type_infoE
                0x80004194        0x0 c:/devkitpro/devkitppc/bin/../lib/gcc/powerpc-eabi/6.3.0/crtbegin.o
 .rela.rodata._ZTVN10__cxxabiv117__class_type_infoE
                0x80004194        0x0 c:/devkitpro/devkitppc/bin/../lib/gcc/powerpc-eabi/6.3.0/crtbegin.o
 .rela.rodata._ZTISt9bad_alloc
                0x80004194        0x0 c:/devkitpro/devkitppc/bin/../lib/gcc/powerpc-eabi/6.3.0/crtbegin.o
 .rela.rodata._ZTVSt9bad_alloc
                0x80004194        0x0 c:/devkitpro/devkitppc/bin/../lib/gcc/powerpc-eabi/6.3.0/crtbegin.o
 .rela.rodata._ZTISt13bad_exception
                0x80004194        0x0 c:/devkitpro/devkitppc/bin/../lib/gcc/powerpc-eabi/6.3.0/crtbegin.o
 .rela.rodata._ZTVSt9exception
                0x80004194        0x0 c:/devkitpro/devkitppc/bin/../lib/gcc/powerpc-eabi/6.3.0/crtbegin.o
 .rela.rodata._ZTVSt13bad_exception
                0x80004194        0x0 c:/devkitpro/devkitppc/bin/../lib/gcc/powerpc-eabi/6.3.0/crtbegin.o
 .rela.rodata._ZTVN10__cxxabiv115__forced_unwindE
                0x80004194        0x0 c:/devkitpro/devkitppc/bin/../lib/gcc/powerpc-eabi/6.3.0/crtbegin.o
 .rela.rodata._ZTVN10__cxxabiv119__foreign_exceptionE
                0x80004194        0x0 c:/devkitpro/devkitppc/bin/../lib/gcc/powerpc-eabi/6.3.0/crtbegin.o
 .rela.rodata._ZTIN10__cxxabiv120__si_class_type_infoE
                0x80004194        0x0 c:/devkitpro/devkitppc/bin/../lib/gcc/powerpc-eabi/6.3.0/crtbegin.o
 .rela.rodata._ZTVN10__cxxabiv120__si_class_type_infoE
                0x80004194        0x0 c:/devkitpro/devkitppc/bin/../lib/gcc/powerpc-eabi/6.3.0/crtbegin.o
 .rela.rodata._ZTISt20bad_array_new_length
                0x80004194        0x0 c:/devkitpro/devkitppc/bin/../lib/gcc/powerpc-eabi/6.3.0/crtbegin.o
 .rela.rodata._ZTVSt20bad_array_new_length
                0x80004194        0x0 c:/devkitpro/devkitppc/bin/../lib/gcc/powerpc-eabi/6.3.0/crtbegin.o
 .rela.rodata._ZTVSt9type_info
                0x80004194        0x0 c:/devkitpro/devkitppc/bin/../lib/gcc/powerpc-eabi/6.3.0/crtbegin.o
 .rela.rodata._ZTISt8bad_cast
                0x80004194        0x0 c:/devkitpro/devkitppc/bin/../lib/gcc/powerpc-eabi/6.3.0/crtbegin.o
 .rela.rodata._ZTVSt8bad_cast
                0x80004194        0x0 c:/devkitpro/devkitppc/bin/../lib/gcc/powerpc-eabi/6.3.0/crtbegin.o
 .rela.rodata.__C_locale
                0x80004194        0x0 c:/devkitpro/devkitppc/bin/../lib/gcc/powerpc-eabi/6.3.0/crtbegin.o

.rel.data
 *(.rel.data .rel.data.* .rel.gnu.linkonce.d.*)

.rela.data      0x80004194        0x0
 *(.rela.data .rela.data.* .rela.gnu.linkonce.d.*)
 .rela.data.__global_locale
                0x80004194        0x0 c:/devkitpro/devkitppc/bin/../lib/gcc/powerpc-eabi/6.3.0/crtbegin.o

.rel.tdata
 *(.rel.tdata .rel.tdata.* .rel.gnu.linkonce.td.*)

.rela.tdata
 *(.rela.tdata .rela.tdata.* .rela.gnu.linkonce.td.*)

.rel.tbss
 *(.rel.tbss .rel.tbss.* .rel.gnu.linkonce.tb.*)

.rela.tbss
 *(.rela.tbss .rela.tbss.* .rela.gnu.linkonce.tb.*)

.rel.ctors
 *(.rel.ctors)

.rela.ctors
 *(.rela.ctors)

.rel.dtors
 *(.rel.dtors)

.rela.dtors
 *(.rela.dtors)

.rel.got
 *(.rel.got)

.rela.got
 *(.rela.got)

.rela.got1
 *(.rela.got1)

.rela.got2      0x80004194        0x0
 *(.rela.got2)
 .rela.got2     0x80004194        0x0 c:/devkitpro/devkitppc/bin/../lib/gcc/powerpc-eabi/6.3.0/crtbegin.o

.rel.sdata
 *(.rel.sdata .rel.sdata.* .rel.gnu.linkonce.s.*)

.rela.sdata     0x80004194        0x0
 *(.rela.sdata .rela.sdata.* .rela.gnu.linkonce.s.*)
 .rela.sdata._ZTI11Metaphrasis
                0x80004194        0x0 c:/devkitpro/devkitppc/bin/../lib/gcc/powerpc-eabi/6.3.0/crtbegin.o
 .rela.sdata._ZTISt9exception
                0x80004194        0x0 c:/devkitpro/devkitppc/bin/../lib/gcc/powerpc-eabi/6.3.0/crtbegin.o
 .rela.sdata._ZTIN10__cxxabiv115__forced_unwindE
                0x80004194        0x0 c:/devkitpro/devkitppc/bin/../lib/gcc/powerpc-eabi/6.3.0/crtbegin.o
 .rela.sdata._ZTIN10__cxxabiv119__foreign_exceptionE
                0x80004194        0x0 c:/devkitpro/devkitppc/bin/../lib/gcc/powerpc-eabi/6.3.0/crtbegin.o
 .rela.sdata._ZTISt9type_info
                0x80004194        0x0 c:/devkitpro/devkitppc/bin/../lib/gcc/powerpc-eabi/6.3.0/crtbegin.o
 .rela.sdata._ZN10__cxxabiv119__terminate_handlerE
                0x80004194        0x0 c:/devkitpro/devkitppc/bin/../lib/gcc/powerpc-eabi/6.3.0/crtbegin.o

.rel.sbss
 *(.rel.sbss .rel.sbss.* .rel.gnu.linkonce.sb.*)

.rela.sbss
 *(.rela.sbss .rela.sbss.* .rel.gnu.linkonce.sb.*)

.rel.sdata2
 *(.rel.sdata2 .rel.sdata2.* .rel.gnu.linkonce.s2.*)

.rela.sdata2    0x80004194        0x0
 *(.rela.sdata2 .rela.sdata2.* .rela.gnu.linkonce.s2.*)
 .rela.sdata2.__sys_inIPL
                0x80004194        0x0 c:/devkitpro/devkitppc/bin/../lib/gcc/powerpc-eabi/6.3.0/crtbegin.o

.rel.sbss2
 *(.rel.sbss2 .rel.sbss2.* .rel.gnu.linkonce.sb2.*)

.rela.sbss2
 *(.rela.sbss2 .rela.sbss2.* .rela.gnu.linkonce.sb2.*)

.rel.bss
 *(.rel.bss .rel.bss.* .rel.gnu.linkonce.b.*)

.rela.bss
 *(.rela.bss .rela.bss.* .rela.gnu.linkonce.b.*)

.rel.plt
 *(.rel.plt)

.rela.plt
 *(.rela.plt)

.text           0x800041a0    0x83360
 *(.text)
 .text          0x800041a0      0x44c C:/devkitPro/libogc/lib/wii\libogc.a(lwp_handler.o)
                0x800041a0                _cpu_context_save_fp
                0x800042e0                _cpu_context_restore_fp
                0x80004420                _cpu_context_switch
                0x80004500                _cpu_context_save
                0x80004580                _cpu_context_restore
 .text          0x800045ec      0x4f4 C:/devkitPro/libogc/lib/wii\libogc.a(cache_asm.o)
                0x800045ec                DCFlashInvalidate
                0x80004600                DCEnable
                0x80004614                DCDisable
                0x80004628                DCFreeze
                0x8000463c                DCUnfreeze
                0x80004650                DCTouchLoad
                0x80004658                DCBlockZero
                0x80004660                DCBlockStore
                0x80004668                DCBlockFlush
                0x80004670                DCBlockInvalidate
                0x80004678                DCInvalidateRange
                0x800046a8                DCFlushRange
                0x800046dc                DCStoreRange
                0x80004710                DCFlushRangeNoSync
                0x80004740                DCStoreRangeNoSync
                0x80004770                DCZeroRange
                0x800047a0                DCTouchRange
                0x800047d0                ICInvalidateRange
                0x80004808                ICFlashInvalidate
                0x8000481c                ICEnable
                0x80004830                ICDisable
                0x80004844                ICFreeze
                0x80004858                ICUnfreeze
                0x8000486c                ICBlockInvalidate
                0x80004874                ICSync
                0x8000487c                L2Init
                0x800048c4                L2Enable
                0x800048e0                L2Disable
                0x800048f8                L2GlobalInvalidate
                0x80004950                __LCEnable
                0x80004a1c                LCDisable
                0x80004a44                LCAllocOneTag
                0x80004a58                LCAllocTags
                0x80004a98                LCLoadBlocks
                0x80004abc                LCStoreBlocks
 .text          0x80004ae0      0x4a0 C:/devkitPro/libogc/lib/wii\libogc.a(system_asm.o)
                0x80004ae0                __realmode
                0x80004af8                __configBATS
                0x80004c28                __InitFPRS
                0x80004d54                __InitPS
                0x80004db0                __InitCache
                0x80004e08                __InitSystem
                0x80004e90                __flush_cache
                0x80004ec4                __reset
                0x80004f34                __InitBATS
                0x80004f50                SYS_SwitchFiber
 .text          0x80004f80      0x8dc C:/devkitPro/libogc/lib/wii\libogc.a(gu_psasm.o)
                0x80004f80                ps_guMtxConcat
                0x80005044                ps_guMtxIdentity
                0x80005070                ps_guMtxCopy
                0x800050a4                ps_guMtxTranspose
                0x800050f4                ps_guMtxInverse
                0x800051ec                ps_guMtxInvXpose
                0x800052b4                ps_guMtxScale
                0x800052dc                ps_guMtxScaleApply
                0x80005334                ps_guMtxApplyScale
                0x80005398                ps_guMtxTrans
                0x800053cc                ps_guMtxTransApply
                0x80005418                ps_guMtxApplyTrans
                0x80005494                ps_guMtxRotTrig
                0x80005544                __ps_guMtxRotAxisRadInternal
                0x80005604                ps_guMtxReflect
                0x80005674                ps_guVecAdd
                0x80005698                ps_guVecSub
                0x800056bc                ps_guVecScale
                0x800056d8                ps_guVecNormalize
                0x8000571c                ps_guVecCross
                0x80005758                ps_guVecDotProduct
                0x80005778                ps_guVecMultiply
                0x800057cc                ps_guVecMultiplySR
                0x8000583c                ps_guQuatDotProduct
 .text          0x8000585c      0x1ac C:/devkitPro/libogc/lib/wii\libogc.a(irq_handler.o)
                0x8000585c                irq_exceptionhandler
 .text          0x80005a08      0x118 C:/devkitPro/libogc/lib/wii\libogc.a(video_asm.o)
                0x80005a08                __VIClearFramebuffer
 .text          0x80005b20      0x1ac C:/devkitPro/libogc/lib/wii\libogc.a(decrementer_handler.o)
                0x80005b20                dec_exceptionhandler
 .text          0x80005ccc      0x35c C:/devkitPro/libogc/lib/wii\libogc.a(exception_handler.o)
                0x80005ccc                exceptionhandler_start
                0x80005d48                exceptionhandler_patch
                0x80005d7c                exceptionhandler_end
                0x80005d80                default_exceptionhandler
                0x80005eb0                fpu_exceptionhandler
                0x80005ff8                systemcallhandler_start
                0x80006024                systemcallhandler_end
 .text          0x80006028      0x138 C:/devkitPro/libogc/lib/wii\libfreetype.a(ftinit.o)
                0x80006028                FT_Done_FreeType
                0x80006068                FT_Add_Default_Modules
                0x800060bc                FT_Init_FreeType
 .text          0x80006160     0xaabc C:/devkitPro/libogc/lib/wii\libfreetype.a(ftbase.o)
                0x80006160                FT_RoundFix
                0x80006190                FT_CeilFix
                0x800061c0                FT_FloorFix
                0x800061e0                FT_Sqrt32
                0x800062f4                FT_MulDiv
                0x800064dc                FT_MulDiv_No_Round
                0x800065cc                FT_MulFix
                0x8000666c                FT_DivFix
                0x8000673c                FT_Matrix_Multiply
                0x8000686c                FT_Matrix_Invert
                0x80006954                FT_Matrix_Multiply_Scaled
                0x80006a94                FT_Vector_Transform_Scaled
                0x80006b54                FT_SqrtFixed
                0x80006bac                ft_corner_orientation
                0x80006cc8                ft_corner_is_flat
                0x80006d40                FT_GlyphLoader_Rewind
                0x80006df4                FT_GlyphLoader_Prepare
                0x80006e38                FT_GlyphLoader_Add
                0x80006ea4                FT_Get_Sfnt_Name_Count
                0x80006ec8                ft_validator_init
                0x80006ee0                ft_validator_run
                0x80006ee8                FT_Set_Transform
                0x80007080                FT_Match_Size
                0x800071d8                ft_synthesize_vertical_metrics
                0x800072f8                FT_Select_Metrics
                0x800073d0                FT_Select_Size
                0x80007468                FT_Get_Kerning
                0x800075c0                FT_Get_Track_Kerning
                0x8000768c                FT_Select_Charmap
                0x80007710                FT_Get_Charmap_Index
                0x80007764                FT_Get_Char_Index
                0x800077b8                FT_Get_Next_Char
                0x80007834                FT_Get_First_Char
                0x800078bc                FT_Get_Name_Index
                0x80007994                FT_Get_Glyph_Name
                0x80007abc                FT_Get_Postscript_Name
                0x80007b78                FT_Get_Sfnt_Table
                0x80007c04                FT_Load_Sfnt_Table
                0x80007ce8                FT_Sfnt_Table_Info
                0x80007db8                FT_Get_CMap_Language_ID
                0x80007e54                FT_Get_CMap_Format
                0x80007ee0                FT_Set_Charmap
                0x80008024                FT_Face_GetCharsOfVariant
                0x8000809c                FT_Face_GetVariantsOfChar
                0x80008114                FT_Face_GetVariantSelectors
                0x80008178                FT_Face_GetCharVariantIsDefault
                0x800081e0                FT_Face_GetCharVariantIndex
                0x80008288                FT_Activate_Size
                0x800082c4                FT_Lookup_Renderer
                0x80008378                FT_Get_Renderer
                0x80008380                ft_module_get_service
                0x8000846c                FT_Library_Version
                0x800084b8                FT_Set_Debug_Hook
                0x800084e0                ft_stub_set_char_sizes
                0x80008570                ft_stub_set_pixel_sizes
                0x800085dc                FT_Get_SubGlyph_Info
                0x80008690                FT_Outline_Decompose
                0x80008b4c                FT_Outline_Check
                0x80008bc4                FT_Outline_Get_CBox
                0x80008c84                FT_Outline_Translate
                0x80008cd4                FT_Outline_Reverse
                0x80008db0                FT_Vector_Transform
                0x80008e58                FT_Outline_Transform
                0x80008ed0                FT_Outline_Get_Orientation
                0x800092b8                FT_Stream_OpenMemory
                0x800092d8                FT_Stream_Close
                0x80009310                FT_Stream_Seek
                0x80009370                FT_Raccess_Guess
                0x80009490                FT_Stream_Skip
                0x800094ac                FT_Stream_Pos
                0x800094b4                FT_Stream_GetChar
                0x800094e0                FT_Stream_GetShort
                0x8000951c                FT_Stream_GetShortLE
                0x80009558                FT_Stream_GetOffset
                0x800095a0                FT_Stream_GetLong
                0x800095f0                FT_Stream_GetLongLE
                0x80009640                FT_Stream_ReadChar
                0x80009704                FT_Stream_ReadShort
                0x800097ec                FT_Stream_ReadShortLE
                0x800098d4                FT_Stream_ReadOffset
                0x800099c8                FT_Stream_ReadLong
                0x80009c68                FT_Stream_ReadLongLE
                0x8000a090                FT_Cos
                0x8000a0d8                FT_Sin
                0x8000a0e4                FT_Tan
                0x8000a12c                FT_Atan2
                0x8000a180                FT_Vector_Unit
                0x8000a1d8                FT_Vector_Rotate
                0x8000a2e8                FT_Vector_Length
                0x8000a3ac                FT_Vector_Polarize
                0x8000a458                FT_Vector_From_Polar
                0x8000a46c                FT_Angle_Diff
                0x8000a4d0                FT_Outline_Embolden
                0x8000a734                ft_mem_qalloc
                0x8000a79c                ft_mem_free
                0x8000a7cc                FT_Stream_ExitFrame
                0x8000a820                FT_Stream_EnterFrame
                0x8000a998                FT_Stream_ExtractFrame
                0x8000a9e8                FT_Stream_ReleaseFrame
                0x8000aa38                FT_Outline_Done_Internal
                0x8000ab14                FT_Outline_Done
                0x8000acf8                ft_glyphslot_free_bitmap
                0x8000ad7c                ft_glyphslot_set_bitmap
                0x8000adb8                FT_Stream_Free
                0x8000ae2c                FT_GlyphLoader_Reset
                0x8000aed0                FT_GlyphLoader_Done
                0x8000aff4                FT_Done_GlyphSlot
                0x8000b0a0                ft_mem_strcpyn
                0x8000b0f4                FT_List_Find
                0x8000b12c                FT_List_Add
                0x8000b15c                FT_List_Insert
                0x8000b18c                FT_List_Remove
                0x8000b1c4                FT_Done_Size
                0x8000b2b4                FT_List_Up
                0x8000b318                FT_Set_Renderer
                0x8000b400                FT_Outline_Render
                0x8000b530                FT_Outline_Get_Bitmap
                0x8000b598                FT_Render_Glyph_Internal
                0x8000b6fc                FT_Render_Glyph
                0x8000b724                FT_List_Iterate
                0x8000b790                FT_List_Finalize
                0x8000b84c                FT_Remove_Module
                0x8000bb88                FT_Done_Face
                0x8000bc50                FT_Done_Library
                0x8000bd6c                ft_highpow2
                0x8000bd8c                FT_QAlloc
                0x8000bdc4                FT_Free
                0x8000be04                ft_mem_dup
                0x8000be88                ft_mem_strdup
                0x8000bf10                FT_Stream_ReadFields
                0x8000c1cc                FT_Stream_TryRead
                0x8000c274                FT_Stream_ReadAt
                0x8000c32c                FT_Stream_Read
                0x8000c340                FT_Raccess_Get_HeaderInfo
                0x8000c580                FT_Outline_Copy
                0x8000c64c                ft_mem_alloc
                0x8000c6c0                FT_Alloc
                0x8000c6f8                ft_mem_qrealloc
                0x8000c824                FT_QRealloc
                0x8000c86c                ft_mem_realloc
                0x8000c938                FT_Realloc
                0x8000c980                FT_Outline_New_Internal
                0x8000caf4                FT_Outline_New
                0x8000cb0c                FT_CMap_Done
                0x8000cc70                FT_Get_Sfnt_Name
                0x8000cdd0                FT_GlyphLoader_CheckSubGlyphs
                0x8000ce84                FT_GlyphLoader_CreateExtra
                0x8000d114                FT_New_Library
                0x8000d21c                FT_CMap_New
                0x8000d3ac                FT_New_Size
                0x8000d68c                ft_glyphslot_alloc_bitmap
                0x8000d748                FT_GlyphLoader_New
                0x8000d7a0                FT_New_GlyphSlot
                0x8000d958                FT_Request_Metrics
                0x8000dc98                FT_Request_Size
                0x8000dd90                FT_Set_Pixel_Sizes
                0x8000de24                FT_Set_Char_Size
                0x8000def0                FT_Load_Glyph
                0x8000e404                FT_Load_Char
                0x8000e47c                FT_Get_Advances
                0x8000e620                FT_Get_Advance
                0x8000e930                FT_Raccess_Get_DataOffsets
                0x8000ec0c                FT_Get_FSType_Flags
                0x8000ec98                FT_Get_Module
                0x8000ed38                FT_Get_TrueType_Engine_Type
                0x8000ed9c                FT_Get_Module_Interface
                0x8000edd4                FT_Add_Module
                0x8000f12c                ft_service_list_lookup
                0x8000f1a8                FT_Stream_New
                0x8000f5ec                FT_Attach_Stream
                0x8000f6a8                FT_Attach_File
                0x8000f6f4                FT_Open_Face
                0x8001085c                FT_New_Memory_Face
                0x800108b0                FT_New_Face
                0x800108f4                ft_validator_error
                0x80010910                FT_GlyphLoader_CheckPoints
                0x80010afc                FT_GlyphLoader_CopyPoints
 .text          0x80010c1c      0x1c0 C:/devkitPro/libogc/lib/wii\libfreetype.a(fttype1.o)
                0x80010c1c                FT_Get_PS_Font_Info
                0x80010cb8                FT_Has_PS_Glyph_Names
                0x80010d40                FT_Get_PS_Font_Private
 .text          0x80010ddc     0xacd8 C:/devkitPro/libogc/lib/wii\libfreetype.a(truetype.o)
                0x800184ec                TT_New_Context
                0x800190d4                TT_RunIns
 .text          0x8001bab4     0x5380 C:/devkitPro/libogc/lib/wii\libfreetype.a(type1.o)
 .text          0x80020e34     0x8e80 C:/devkitPro/libogc/lib/wii\libfreetype.a(sfnt.o)
 .text          0x80029cb4     0x588c C:/devkitPro/libogc/lib/wii\libfreetype.a(autofit.o)
                0x80029d64                af_glyph_hints_dump_points
                0x80029d68                af_glyph_hints_dump_segments
                0x80029d6c                af_glyph_hints_dump_edges
 .text          0x8002f540     0x3cec C:/devkitPro/libogc/lib/wii\libfreetype.a(pshinter.o)
                0x800320a4                ps_hints_apply
 .text          0x8003322c     0x2824 C:/devkitPro/libogc/lib/wii\libfreetype.a(raster.o)
 .text          0x80035a50     0x21d8 C:/devkitPro/libogc/lib/wii\libfreetype.a(smooth.o)
 .text          0x80037c28     0x4834 C:/devkitPro/libogc/lib/wii\libfreetype.a(psaux.o)
 .text          0x8003c45c      0x8b0 C:/devkitPro/libogc/lib/wii\libfreetype.a(psnames.o)
 .text          0x8003cd0c      0x23c C:/devkitPro/libogc/lib/wii\libfreetype.a(ftsystem.o)
                0x8003cd0c                FT_Done_Memory
                0x8003cd50                FT_New_Memory
                0x8003cdf4                FT_Stream_Open
 .text          0x8003cf48       0x48 c:/devkitpro/devkitppc/bin/../lib/gcc/powerpc-eabi/6.3.0\libgcc.a(eabi.o)
                0x8003cf48                __eabi
 .text          0x8003cf90      0x180 c:/devkitpro/devkitppc/bin/../lib/gcc/powerpc-eabi/6.3.0/../../../../powerpc-eabi/lib\libc.a(lib_a-setjmp.o)
                0x8003cf90                setjmp
                0x8003d04c                longjmp
 *(.text.*)
 .text.deregister_tm_clones
                0x8003d110       0x38 c:/devkitpro/devkitppc/bin/../lib/gcc/powerpc-eabi/6.3.0/crtbegin.o
 .text.register_tm_clones
                0x8003d148       0x3c c:/devkitpro/devkitppc/bin/../lib/gcc/powerpc-eabi/6.3.0/crtbegin.o
 .text.__do_global_dtors_aux
                0x8003d184       0xd4 c:/devkitpro/devkitppc/bin/../lib/gcc/powerpc-eabi/6.3.0/crtbegin.o
 .text.frame_dummy
                0x8003d258       0x74 c:/devkitpro/devkitppc/bin/../lib/gcc/powerpc-eabi/6.3.0/crtbegin.o
 .text.__crtmain
                0x8003d2cc       0x44 c:/devkitpro/devkitppc/bin/../lib/gcc/powerpc-eabi/6.3.0/../../../../powerpc-eabi/lib/crtmain.o
                0x8003d2d0                __crtmain
 .text._ZN14GraphicsSystem24initializeGraphicsSystemEP11VideoSystem
                0x8003d310      0x34c GraphicsSystem.o
                0x8003d310                _ZN14GraphicsSystem24initializeGraphicsSystemEP11VideoSystem
 .text._ZN14GraphicsSystemC2EP11VideoSystem
                0x8003d65c      0x108 GraphicsSystem.o
                0x8003d65c                _ZN14GraphicsSystemC2EP11VideoSystem
                0x8003d65c                _ZN14GraphicsSystemC1EP11VideoSystem
 .text._ZN14GraphicsSystem11SetFontDescEv
                0x8003d764       0xcc GraphicsSystem.o
                0x8003d764                _ZN14GraphicsSystem11SetFontDescEv
 .text._ZN14GraphicsSystem12SetModelDescEv
                0x8003d830       0xec GraphicsSystem.o
                0x8003d830                _ZN14GraphicsSystem12SetModelDescEv
 .text._ZN14GraphicsSystem8EndSceneEPm
                0x8003d91c       0x4c GraphicsSystem.o
                0x8003d91c                _ZN14GraphicsSystem8EndSceneEPm
 .text._ZN14GraphicsSystem8SetLightEv
                0x8003d968       0xdc GraphicsSystem.o
                0x8003d968                _ZN14GraphicsSystem8SetLightEv
 .text.startup.main
                0x8003da44      0x3c8 main.o
                0x8003da44                main
 .text._ZN11VideoSystem21initializeVideoSystemEv
                0x8003de0c       0xc0 VideoSystem.o
                0x8003de0c                _ZN11VideoSystem21initializeVideoSystemEv
 .text._ZN11VideoSystemC2Ev
                0x8003decc        0xc VideoSystem.o
                0x8003decc                _ZN11VideoSystemC2Ev
                0x8003decc                _ZN11VideoSystemC1Ev
 .text._ZN11VideoSystem12getVideoModeEv
                0x8003ded8        0x8 VideoSystem.o
                0x8003ded8                _ZN11VideoSystem12getVideoModeEv
 .text._ZN11VideoSystem19getVideoFramebufferEv
                0x8003dee0       0x14 VideoSystem.o
                0x8003dee0                _ZN11VideoSystem19getVideoFramebufferEv
 .text._ZN11VideoSystem20flipVideoFramebufferEv
                0x8003def4       0x50 VideoSystem.o
                0x8003def4                _ZN11VideoSystem20flipVideoFramebufferEv
 .text._ZN11Metaphrasis17convertBufferToI4EPmtt
                0x8003df44      0x144 Metaphrasis.o
                0x8003df44                _ZN11Metaphrasis17convertBufferToI4EPmtt
 .text._ZN11Metaphrasis17convertBufferToI8EPmtt
                0x8003e088      0x140 Metaphrasis.o
                0x8003e088                _ZN11Metaphrasis17convertBufferToI8EPmtt
 .text._ZN11Metaphrasis18convertBufferToIA4EPmtt
                0x8003e1c8      0x1a0 Metaphrasis.o
                0x8003e1c8                _ZN11Metaphrasis18convertBufferToIA4EPmtt
 .text._ZN11Metaphrasis18convertBufferToIA8EPmtt
                0x8003e368      0x124 Metaphrasis.o
                0x8003e368                _ZN11Metaphrasis18convertBufferToIA8EPmtt
 .text._ZN11Metaphrasis20convertBufferToRGBA8EPmtt
                0x8003e48c      0x190 Metaphrasis.o
                0x8003e48c                _ZN11Metaphrasis20convertBufferToRGBA8EPmtt
 .text._ZN11Metaphrasis21convertBufferToRGB565EPmtt
                0x8003e61c      0x1a4 Metaphrasis.o
                0x8003e61c                _ZN11Metaphrasis21convertBufferToRGB565EPmtt
 .text._ZN11Metaphrasis21convertBufferToRGB5A3EPmtt
                0x8003e7c0      0x274 Metaphrasis.o
                0x8003e7c0                _ZN11Metaphrasis21convertBufferToRGB5A3EPmtt
 .text._ZN9ModelMesh6RenderEv
                0x8003ea34       0xe8 ModelMesh.o
                0x8003ea34                _ZN9ModelMesh6RenderEv
 .text._ZNSt6vectorI10Vector3StrSaIS0_EE19_M_emplace_back_auxIJRKS0_EEEvDpOT_
                0x8003eb1c      0x148 ModelMesh.o
                0x8003eb1c                _ZNSt6vectorI10Vector3StrSaIS0_EE19_M_emplace_back_auxIJRKS0_EEEvDpOT_
 .text._ZNSt6vectorI10Vector2StrSaIS0_EE19_M_emplace_back_auxIJRKS0_EEEvDpOT_
                0x8003ec64      0x128 ModelMesh.o
                0x8003ec64                _ZNSt6vectorI10Vector2StrSaIS0_EE19_M_emplace_back_auxIJRKS0_EEEvDpOT_
 .text._ZNSt6vectorIjSaIjEE19_M_emplace_back_auxIJRKjEEEvDpOT_
                0x8003ed8c      0x124 ModelMesh.o
                0x8003ed8c                _ZNSt6vectorIjSaIjEE19_M_emplace_back_auxIJRKjEEEvDpOT_
 .text._ZN9ModelMesh16MakeModelFromObjEPvj
                0x8003eeb0      0x7e0 ModelMesh.o
                0x8003eeb0                _ZN9ModelMesh16MakeModelFromObjEPvj
 .text._ZN9ModelMeshC2EPvj
                0x8003f690       0x9c ModelMesh.o
                0x8003f690                _ZN9ModelMeshC1EPvj
                0x8003f690                _ZN9ModelMeshC2EPvj
 .text._ZN10FreeTypeGX15setVertexFormatEh
                0x8003f72c       0x70 FreeTypeGX.o
                0x8003f72c                _ZN10FreeTypeGX15setVertexFormatEh
 .text._ZN10FreeTypeGX20setCompatibilityModeEm
                0x8003f79c        0x8 FreeTypeGX.o
                0x8003f79c                _ZN10FreeTypeGX20setCompatibilityModeEm
 .text._ZN10FreeTypeGX14setDefaultModeEv
                0x8003f7a4      0x1d4 FreeTypeGX.o
                0x8003f7a4                _ZN10FreeTypeGX14setDefaultModeEv
 .text._ZN10FreeTypeGX13loadGlyphDataEP10FT_Bitmap_P13ftgxCharData_
                0x8003f978      0x24c FreeTypeGX.o
                0x8003f978                _ZN10FreeTypeGX13loadGlyphDataEP10FT_Bitmap_P13ftgxCharData_
 .text._ZN10FreeTypeGX20getStyleOffsetHeightEt
                0x8003fbc4       0x54 FreeTypeGX.o
                0x8003fbc4                _ZN10FreeTypeGX20getStyleOffsetHeightEt
 .text._ZN10FreeTypeGX24copyTextureToFramebufferEP10_gx_texobjffss9_gx_color
                0x8003fc18      0x1d0 FreeTypeGX.o
                0x8003fc18                _ZN10FreeTypeGX24copyTextureToFramebufferEP10_gx_texobjffss9_gx_color
 .text._ZN10FreeTypeGX24copyFeatureToFramebufferEffss9_gx_color
                0x8003fde8      0x18c FreeTypeGX.o
                0x8003fde8                _ZN10FreeTypeGX24copyFeatureToFramebufferEffss9_gx_color
 .text._ZN10FreeTypeGX15drawTextFeatureEsstt9_gx_color
                0x8003ff74      0x138 FreeTypeGX.o
                0x8003ff74                _ZN10FreeTypeGX15drawTextFeatureEsstt9_gx_color
 .text._ZNSt8_Rb_treeIwSt4pairIKw13ftgxCharData_ESt10_Select1stIS3_ESt4lessIwESaIS3_EE8_M_eraseEPSt13_Rb_tree_nodeIS3_E
                0x800400ac       0x64 FreeTypeGX.o
                0x800400ac                _ZNSt8_Rb_treeIwSt4pairIKw13ftgxCharData_ESt10_Select1stIS3_ESt4lessIwESaIS3_EE8_M_eraseEPSt13_Rb_tree_nodeIS3_E
 .text._ZNSt8_Rb_treeIPKwSt4pairIKS1_tESt10_Select1stIS4_ESt4lessIS1_ESaIS4_EE8_M_eraseEPSt13_Rb_tree_nodeIS4_E
                0x80040110       0x64 FreeTypeGX.o
                0x80040110                _ZNSt8_Rb_treeIPKwSt4pairIKS1_tESt10_Select1stIS4_ESt4lessIS1_ESaIS4_EE8_M_eraseEPSt13_Rb_tree_nodeIS4_E
 .text._ZN10FreeTypeGXC2Ehh
                0x80040174       0xb4 FreeTypeGX.o
                0x80040174                _ZN10FreeTypeGXC1Ehh
                0x80040174                _ZN10FreeTypeGXC2Ehh
 .text._ZN10FreeTypeGX10unloadFontEv
                0x80040228       0xbc FreeTypeGX.o
                0x80040228                _ZN10FreeTypeGX10unloadFontEv
 .text._ZNSt8_Rb_treeIwSt4pairIKw13ftgxCharData_ESt10_Select1stIS3_ESt4lessIwESaIS3_EE24_M_get_insert_unique_posERS1_
                0x800402e4       0xe4 FreeTypeGX.o
                0x800402e4                _ZNSt8_Rb_treeIwSt4pairIKw13ftgxCharData_ESt10_Select1stIS3_ESt4lessIwESaIS3_EE24_M_get_insert_unique_posERS1_
 .text._ZNSt8_Rb_treeIwSt4pairIKw13ftgxCharData_ESt10_Select1stIS3_ESt4lessIwESaIS3_EE29_M_get_insert_hint_unique_posESt23_Rb_tree_const_iteratorIS3_ERS1_
                0x800403c8      0x184 FreeTypeGX.o
                0x800403c8                _ZNSt8_Rb_treeIwSt4pairIKw13ftgxCharData_ESt10_Select1stIS3_ESt4lessIwESaIS3_EE29_M_get_insert_hint_unique_posESt23_Rb_tree_const_iteratorIS3_ERS1_
 .text._ZNSt8_Rb_treeIwSt4pairIKw13ftgxCharData_ESt10_Select1stIS3_ESt4lessIwESaIS3_EE22_M_emplace_hint_uniqueIJRKSt21piecewise_construct_tSt5tupleIJRS1_EESE_IJEEEEESt17_Rb_tree_iteratorIS3_ESt23_Rb_tree_const_iteratorIS3_EDpOT_.isra.46
                0x8004054c      0x118 FreeTypeGX.o
 .text._ZN10FreeTypeGX14cacheGlyphDataEw
                0x80040664      0x2f0 FreeTypeGX.o
                0x80040664                _ZN10FreeTypeGX14cacheGlyphDataEw
 .text._ZN10FreeTypeGX22cacheGlyphDataCompleteEv
                0x80040954       0xa0 FreeTypeGX.o
                0x80040954                _ZN10FreeTypeGX22cacheGlyphDataCompleteEv
 .text._ZN10FreeTypeGX8loadFontEPhljb
                0x800409f4       0xe4 FreeTypeGX.o
                0x800409f4                _ZN10FreeTypeGX8loadFontEPhljb
 .text._ZN10FreeTypeGX8loadFontEPKhljb
                0x80040ad8        0x4 FreeTypeGX.o
                0x80040ad8                _ZN10FreeTypeGX8loadFontEPKhljb
 .text._ZN10FreeTypeGX12getCharacterEw
                0x80040adc       0xf8 FreeTypeGX.o
                0x80040adc                _ZN10FreeTypeGX12getCharacterEw
 .text._ZN10FreeTypeGX8getWidthEPw
                0x80040bd4      0x174 FreeTypeGX.o
                0x80040bd4                _ZN10FreeTypeGX8getWidthEPw
 .text._ZNSt8_Rb_treeIPKwSt4pairIKS1_tESt10_Select1stIS4_ESt4lessIS1_ESaIS4_EE24_M_get_insert_unique_posERS3_
                0x80040d48       0xe4 FreeTypeGX.o
                0x80040d48                _ZNSt8_Rb_treeIPKwSt4pairIKS1_tESt10_Select1stIS4_ESt4lessIS1_ESaIS4_EE24_M_get_insert_unique_posERS3_
 .text._ZNSt8_Rb_treeIPKwSt4pairIKS1_tESt10_Select1stIS4_ESt4lessIS1_ESaIS4_EE29_M_get_insert_hint_unique_posESt23_Rb_tree_const_iteratorIS4_ERS3_
                0x80040e2c      0x184 FreeTypeGX.o
                0x80040e2c                _ZNSt8_Rb_treeIPKwSt4pairIKS1_tESt10_Select1stIS4_ESt4lessIS1_ESaIS4_EE29_M_get_insert_hint_unique_posESt23_Rb_tree_const_iteratorIS4_ERS3_
 .text._ZNSt8_Rb_treeIPKwSt4pairIKS1_tESt10_Select1stIS4_ESt4lessIS1_ESaIS4_EE22_M_emplace_hint_uniqueIJRKSt21piecewise_construct_tSt5tupleIJOS1_EESF_IJEEEEESt17_Rb_tree_iteratorIS4_ESt23_Rb_tree_const_iteratorIS4_EDpOT_.isra.51
                0x80040fb0      0x100 FreeTypeGX.o
 .text._ZN10FreeTypeGX8drawTextEssPw9_gx_colort
                0x800410b0      0x4d0 FreeTypeGX.o
                0x800410b0                _ZN10FreeTypeGX8drawTextEssPw9_gx_colort
 .text._ZN10FreeTypeGX8drawTextEssPKw9_gx_colort
                0x80041580       0x2c FreeTypeGX.o
                0x80041580                _ZN10FreeTypeGX8drawTextEssPKw9_gx_colort
 .text.__wpad_assign_slot
                0x800415ac      0x20c C:/devkitPro/libogc/lib/wii\libwiiuse.a(wpad.o)
                0x800415ac                __wpad_assign_slot
 .text.__wpad_def_powcb
                0x800417b8        0x4 C:/devkitPro/libogc/lib/wii\libwiiuse.a(wpad.o)
 .text.__wpad_disconnect
                0x800417bc       0x4c C:/devkitPro/libogc/lib/wii\libwiiuse.a(wpad.o)
 .text.__readlinkkey_finished
                0x80041808       0x34 C:/devkitPro/libogc/lib/wii\libwiiuse.a(wpad.o)
 .text.__wpad_patch_finished
                0x8004183c       0x2c C:/devkitPro/libogc/lib/wii\libwiiuse.a(wpad.o)
 .text.__wpad_setfmt
                0x80041868      0x124 C:/devkitPro/libogc/lib/wii\libwiiuse.a(wpad.o)
 .text.__wpad_eventCB
                0x8004198c      0xa48 C:/devkitPro/libogc/lib/wii\libwiiuse.a(wpad.o)
 .text.__wpad_disconnectCB
                0x800423d4       0xd4 C:/devkitPro/libogc/lib/wii\libwiiuse.a(wpad.o)
                0x800423d4                __wpad_disconnectCB
 .text.__wpad_timeouthandler
                0x800424a8       0xb0 C:/devkitPro/libogc/lib/wii\libwiiuse.a(wpad.o)
 .text.__initcore_finished
                0x80042558       0x48 C:/devkitPro/libogc/lib/wii\libwiiuse.a(wpad.o)
 .text.__wpad_init_finished
                0x800425a0      0x1d0 C:/devkitPro/libogc/lib/wii\libwiiuse.a(wpad.o)
 .text.WPAD_ReadEvent
                0x80042770      0x64c C:/devkitPro/libogc/lib/wii\libwiiuse.a(wpad.o)
                0x80042770                WPAD_ReadEvent
 .text.WPAD_ReadPending
                0x80042dbc      0x188 C:/devkitPro/libogc/lib/wii\libwiiuse.a(wpad.o)
                0x80042dbc                WPAD_ReadPending
 .text.WPAD_ReadPending.part.5
                0x80042f44       0x68 C:/devkitPro/libogc/lib/wii\libwiiuse.a(wpad.o)
 .text.WPAD_Shutdown
                0x80042fac       0xcc C:/devkitPro/libogc/lib/wii\libwiiuse.a(wpad.o)
                0x80042fac                WPAD_Shutdown
 .text.WPAD_Init
                0x80043078      0x294 C:/devkitPro/libogc/lib/wii\libwiiuse.a(wpad.o)
                0x80043078                WPAD_Init
 .text.__wpad_onreset
                0x8004330c       0x34 C:/devkitPro/libogc/lib/wii\libwiiuse.a(wpad.o)
 .text.WPAD_ScanPads
                0x80043340        0x8 C:/devkitPro/libogc/lib/wii\libwiiuse.a(wpad.o)
                0x80043340                WPAD_ScanPads
 .text.motion_plus_disconnected
                0x80043348       0x10 C:/devkitPro/libogc/lib/wii\libwiiuse.a(motion_plus.o)
                0x80043348                motion_plus_disconnected
 .text.motion_plus_event
                0x80043358       0x64 C:/devkitPro/libogc/lib/wii\libwiiuse.a(motion_plus.o)
                0x80043358                motion_plus_event
 .text.apply_smoothing.part.0
                0x800433bc       0x8c C:/devkitPro/libogc/lib/wii\libwiiuse.a(dynamics.o)
 .text.calculate_gforce
                0x80043448      0x114 C:/devkitPro/libogc/lib/wii\libwiiuse.a(dynamics.o)
                0x80043448                calculate_gforce
 .text.calc_joystick_state
                0x8004355c      0x20c C:/devkitPro/libogc/lib/wii\libwiiuse.a(dynamics.o)
                0x8004355c                calc_joystick_state
 .text.apply_smoothing
                0x80043768       0xa8 C:/devkitPro/libogc/lib/wii\libwiiuse.a(dynamics.o)
                0x80043768                apply_smoothing
 .text.calculate_orientation
                0x80043810      0x2f0 C:/devkitPro/libogc/lib/wii\libwiiuse.a(dynamics.o)
                0x80043810                calculate_orientation
 .text.calc_balanceboard_state
                0x80043b00      0x3a4 C:/devkitPro/libogc/lib/wii\libwiiuse.a(dynamics.o)
                0x80043b00                calc_balanceboard_state
 .text.wiiuse_handshake
                0x80043ea4      0x1fc C:/devkitPro/libogc/lib/wii\libwiiuse.a(io.o)
                0x80043ea4                wiiuse_handshake
 .text.wiiuse_handshake_expansion
                0x800440a0      0x228 C:/devkitPro/libogc/lib/wii\libwiiuse.a(io.o)
                0x800440a0                wiiuse_handshake_expansion
 .text.wiiuse_handshake_expansion_start
                0x800442c8       0x24 C:/devkitPro/libogc/lib/wii\libwiiuse.a(io.o)
                0x800442c8                wiiuse_handshake_expansion_start
 .text.wiiuse_disable_expansion
                0x800442ec      0x1b0 C:/devkitPro/libogc/lib/wii\libwiiuse.a(io.o)
                0x800442ec                wiiuse_disable_expansion
 .text.__wiiuse_connected
                0x8004449c       0x9c C:/devkitPro/libogc/lib/wii\libwiiuse.a(io_wii.o)
 .text.__wiiuse_disconnected
                0x80044538       0xb4 C:/devkitPro/libogc/lib/wii\libwiiuse.a(io_wii.o)
 .text.__wiiuse_receive
                0x800445ec       0xbc C:/devkitPro/libogc/lib/wii\libwiiuse.a(io_wii.o)
 .text.__wiiuse_sensorbar_enable
                0x800446a8       0x54 C:/devkitPro/libogc/lib/wii\libwiiuse.a(io_wii.o)
                0x800446a8                __wiiuse_sensorbar_enable
 .text.wiiuse_register
                0x800446fc       0xe4 C:/devkitPro/libogc/lib/wii\libwiiuse.a(io_wii.o)
                0x800446fc                wiiuse_register
 .text.wiiuse_disconnect
                0x800447e0       0x24 C:/devkitPro/libogc/lib/wii\libwiiuse.a(io_wii.o)
                0x800447e0                wiiuse_disconnect
 .text.wiiuse_init_cmd_queue
                0x80044804       0xa4 C:/devkitPro/libogc/lib/wii\libwiiuse.a(io_wii.o)
                0x80044804                wiiuse_init_cmd_queue
 .text.wiiuse_io_write
                0x800448a8       0x1c C:/devkitPro/libogc/lib/wii\libwiiuse.a(io_wii.o)
                0x800448a8                wiiuse_io_write
 .text.get_ir_sens.isra.0
                0x800448c4       0xe4 C:/devkitPro/libogc/lib/wii\libwiiuse.a(ir.o)
 .text.rotate_dots
                0x800449a8      0x11c C:/devkitPro/libogc/lib/wii\libwiiuse.a(ir.o)
 .text.wiiuse_set_ir_mode
                0x80044ac4       0x88 C:/devkitPro/libogc/lib/wii\libwiiuse.a(ir.o)
                0x80044ac4                wiiuse_set_ir_mode
 .text.wiiuse_set_ir
                0x80044b4c      0x228 C:/devkitPro/libogc/lib/wii\libwiiuse.a(ir.o)
                0x80044b4c                wiiuse_set_ir
 .text.wiiuse_set_ir_position
                0x80044d74       0x84 C:/devkitPro/libogc/lib/wii\libwiiuse.a(ir.o)
                0x80044d74                wiiuse_set_ir_position
 .text.wiiuse_set_aspect_ratio
                0x80044df8       0x44 C:/devkitPro/libogc/lib/wii\libwiiuse.a(ir.o)
                0x80044df8                wiiuse_set_aspect_ratio
 .text.wiiuse_set_ir_sensitivity
                0x80044e3c      0x138 C:/devkitPro/libogc/lib/wii\libwiiuse.a(ir.o)
                0x80044e3c                wiiuse_set_ir_sensitivity
 .text.calculate_basic_ir
                0x80044f74       0xec C:/devkitPro/libogc/lib/wii\libwiiuse.a(ir.o)
                0x80044f74                calculate_basic_ir
 .text.calculate_extended_ir
                0x80045060       0x70 C:/devkitPro/libogc/lib/wii\libwiiuse.a(ir.o)
                0x80045060                calculate_extended_ir
 .text.find_sensorbar
                0x800450d0      0x940 C:/devkitPro/libogc/lib/wii\libwiiuse.a(ir.o)
                0x800450d0                find_sensorbar
 .text.apply_ir_smoothing
                0x80045a10      0x100 C:/devkitPro/libogc/lib/wii\libwiiuse.a(ir.o)
                0x80045a10                apply_ir_smoothing
 .text.interpret_ir_data
                0x80045b10      0x3cc C:/devkitPro/libogc/lib/wii\libwiiuse.a(ir.o)
                0x80045b10                interpret_ir_data
 .text.nunchuk_handshake
                0x80045edc      0x2d8 C:/devkitPro/libogc/lib/wii\libwiiuse.a(nunchuk.o)
                0x80045edc                nunchuk_handshake
 .text.nunchuk_disconnected
                0x800461b4        0xc C:/devkitPro/libogc/lib/wii\libwiiuse.a(nunchuk.o)
                0x800461b4                nunchuk_disconnected
 .text.nunchuk_event
                0x800461c0       0xe0 C:/devkitPro/libogc/lib/wii\libwiiuse.a(nunchuk.o)
                0x800461c0                nunchuk_event
 .text.wii_board_handshake
                0x800462a0      0x2a4 C:/devkitPro/libogc/lib/wii\libwiiuse.a(wiiboard.o)
                0x800462a0                wii_board_handshake
 .text.wii_board_disconnected
                0x80046544        0xc C:/devkitPro/libogc/lib/wii\libwiiuse.a(wiiboard.o)
                0x80046544                wii_board_disconnected
 .text.wii_board_event
                0x80046550       0x54 C:/devkitPro/libogc/lib/wii\libwiiuse.a(wiiboard.o)
                0x80046550                wii_board_event
 .text.wiiuse_send_next_command
                0x800465a4       0x50 C:/devkitPro/libogc/lib/wii\libwiiuse.a(wiiuse.o)
                0x800465a4                wiiuse_send_next_command
 .text.wiiuse_init
                0x800465f4      0x1d4 C:/devkitPro/libogc/lib/wii\libwiiuse.a(wiiuse.o)
                0x800465f4                wiiuse_init
 .text.wiiuse_set_flags
                0x800467c8       0x24 C:/devkitPro/libogc/lib/wii\libwiiuse.a(wiiuse.o)
                0x800467c8                wiiuse_set_flags
 .text.wiiuse_read_data
                0x800467ec      0x140 C:/devkitPro/libogc/lib/wii\libwiiuse.a(wiiuse.o)
                0x800467ec                wiiuse_read_data
 .text.wiiuse_write_data
                0x8004692c      0x184 C:/devkitPro/libogc/lib/wii\libwiiuse.a(wiiuse.o)
                0x8004692c                wiiuse_write_data
 .text.wiiuse_sendcmd
                0x80046ab0      0x154 C:/devkitPro/libogc/lib/wii\libwiiuse.a(wiiuse.o)
                0x80046ab0                wiiuse_sendcmd
 .text.wiiuse_set_report_type
                0x80046c04      0x144 C:/devkitPro/libogc/lib/wii\libwiiuse.a(wiiuse.o)
                0x80046c04                wiiuse_set_report_type
 .text.wiiuse_motion_sensing
                0x80046d48       0x7c C:/devkitPro/libogc/lib/wii\libwiiuse.a(wiiuse.o)
                0x80046d48                wiiuse_motion_sensing
 .text.wiiuse_status
                0x80046dc4       0x4c C:/devkitPro/libogc/lib/wii\libwiiuse.a(wiiuse.o)
                0x80046dc4                wiiuse_status
 .text.wiiuse_set_leds
                0x80046e10       0x50 C:/devkitPro/libogc/lib/wii\libwiiuse.a(wiiuse.o)
                0x80046e10                wiiuse_set_leds
 .text.wiiuse_set_speaker
                0x80046e60      0x25c C:/devkitPro/libogc/lib/wii\libwiiuse.a(speaker.o)
                0x80046e60                wiiuse_set_speaker
 .text.classic_ctrl_handshake
                0x800470bc      0x2b4 C:/devkitPro/libogc/lib/wii\libwiiuse.a(classic.o)
                0x800470bc                classic_ctrl_handshake
 .text.classic_ctrl_disconnected
                0x80047370        0xc C:/devkitPro/libogc/lib/wii\libwiiuse.a(classic.o)
                0x80047370                classic_ctrl_disconnected
 .text.classic_ctrl_event
                0x8004737c      0x164 C:/devkitPro/libogc/lib/wii\libwiiuse.a(classic.o)
                0x8004737c                classic_ctrl_event
 .text.handle_expansion
                0x800474e0       0x54 C:/devkitPro/libogc/lib/wii\libwiiuse.a(events.o)
 .text.parse_event
                0x80047534      0x710 C:/devkitPro/libogc/lib/wii\libwiiuse.a(events.o)
                0x80047534                parse_event
 .text.guitar_hero_3_handshake
                0x80047c44       0x70 C:/devkitPro/libogc/lib/wii\libwiiuse.a(guitar_hero_3.o)
                0x80047c44                guitar_hero_3_handshake
 .text.guitar_hero_3_disconnected
                0x80047cb4        0xc C:/devkitPro/libogc/lib/wii\libwiiuse.a(guitar_hero_3.o)
                0x80047cb4                guitar_hero_3_disconnected
 .text.guitar_hero_3_event
                0x80047cc0       0x64 C:/devkitPro/libogc/lib/wii\libwiiuse.a(guitar_hero_3.o)
                0x80047cc0                guitar_hero_3_event
 .text.bt_alarmhandler
                0x80047d24       0x60 C:/devkitPro/libogc/lib/wii\libbte.a(bte.o)
 .text.__bte_send_pending_request
                0x80047d84      0x114 C:/devkitPro/libogc/lib/wii\libbte.a(bte.o)
 .text.acl_conn_complete
                0x80047e98       0x2c C:/devkitPro/libogc/lib/wii\libbte.a(bte.o)
                0x80047e98                acl_conn_complete
 .text.l2cap_disconnected_ind
                0x80047ec4      0x180 C:/devkitPro/libogc/lib/wii\libbte.a(bte.o)
                0x80047ec4                l2cap_disconnected_ind
 .text.bte_process_input
                0x80048044      0x13c C:/devkitPro/libogc/lib/wii\libbte.a(bte.o)
 .text.l2cap_accepted
                0x80048180      0x110 C:/devkitPro/libogc/lib/wii\libbte.a(bte.o)
                0x80048180                l2cap_accepted
 .text.acl_wlp_completed
                0x80048290        0x8 C:/devkitPro/libogc/lib/wii\libbte.a(bte.o)
                0x80048290                acl_wlp_completed
 .text.l2cap_disconnect_cfm
                0x80048298      0x180 C:/devkitPro/libogc/lib/wii\libbte.a(bte.o)
                0x80048298                l2cap_disconnect_cfm
 .text.__bte_shutdown_finished
                0x80048418       0xd8 C:/devkitPro/libogc/lib/wii\libbte.a(bte.o)
 .text.bte_hci_apply_patch_complete
                0x800484f0      0x154 C:/devkitPro/libogc/lib/wii\libbte.a(bte.o)
                0x800484f0                bte_hci_apply_patch_complete
 .text.bte_hci_initsub_complete
                0x80048644      0x234 C:/devkitPro/libogc/lib/wii\libbte.a(bte.o)
                0x80048644                bte_hci_initsub_complete
 .text.bte_hci_initcore_complete
                0x80048878      0x1f0 C:/devkitPro/libogc/lib/wii\libbte.a(bte.o)
                0x80048878                bte_hci_initcore_complete
 .text.bte_read_stored_link_key_complete
                0x80048a68      0x278 C:/devkitPro/libogc/lib/wii\libbte.a(bte.o)
                0x80048a68                bte_read_stored_link_key_complete
 .text.bte_hci_initcore_complete2
                0x80048ce0      0x1e8 C:/devkitPro/libogc/lib/wii\libbte.a(bte.o)
                0x80048ce0                bte_hci_initcore_complete2
 .text.bte_hci_patch_complete
                0x80048ec8      0x2e0 C:/devkitPro/libogc/lib/wii\libbte.a(bte.o)
                0x80048ec8                bte_hci_patch_complete
 .text.BTE_Init
                0x800491a8      0x138 C:/devkitPro/libogc/lib/wii\libbte.a(bte.o)
                0x800491a8                BTE_Init
 .text.BTE_Shutdown
                0x800492e0      0x11c C:/devkitPro/libogc/lib/wii\libbte.a(bte.o)
                0x800492e0                BTE_Shutdown
 .text.BTE_InitCore
                0x800493fc       0x94 C:/devkitPro/libogc/lib/wii\libbte.a(bte.o)
                0x800493fc                BTE_InitCore
 .text.BTE_ApplyPatch
                0x80049490       0xb8 C:/devkitPro/libogc/lib/wii\libbte.a(bte.o)
                0x80049490                BTE_ApplyPatch
 .text.BTE_InitSub
                0x80049548       0x98 C:/devkitPro/libogc/lib/wii\libbte.a(bte.o)
                0x80049548                BTE_InitSub
 .text.BTE_ReadStoredLinkKey
                0x800495e0       0x98 C:/devkitPro/libogc/lib/wii\libbte.a(bte.o)
                0x800495e0                BTE_ReadStoredLinkKey
 .text.BTE_SetDisconnectCallback
                0x80049678        0x4 C:/devkitPro/libogc/lib/wii\libbte.a(bte.o)
                0x80049678                BTE_SetDisconnectCallback
 .text.bte_new  0x8004967c       0x54 C:/devkitPro/libogc/lib/wii\libbte.a(bte.o)
                0x8004967c                bte_new
 .text.bte_registerdeviceasync
                0x800496d0      0x154 C:/devkitPro/libogc/lib/wii\libbte.a(bte.o)
                0x800496d0                bte_registerdeviceasync
 .text.bte_disconnect
                0x80049824       0xd8 C:/devkitPro/libogc/lib/wii\libbte.a(bte.o)
                0x80049824                bte_disconnect
 .text.bte_senddata
                0x800498fc       0xdc C:/devkitPro/libogc/lib/wii\libbte.a(bte.o)
                0x800498fc                bte_senddata
 .text.bte_arg  0x800499d8       0x3c C:/devkitPro/libogc/lib/wii\libbte.a(bte.o)
                0x800499d8                bte_arg
 .text.bte_received
                0x80049a14       0x3c C:/devkitPro/libogc/lib/wii\libbte.a(bte.o)
                0x80049a14                bte_received
 .text.bte_disconnected
                0x80049a50       0x3c C:/devkitPro/libogc/lib/wii\libbte.a(bte.o)
                0x80049a50                bte_disconnected
 .text.hci_init
                0x80049a8c       0x7c C:/devkitPro/libogc/lib/wii\libbte.a(hci.o)
                0x80049a8c                hci_init
 .text.hci_new  0x80049b08       0x48 C:/devkitPro/libogc/lib/wii\libbte.a(hci.o)
                0x80049b08                hci_new
 .text.hci_get_link
                0x80049b50       0x84 C:/devkitPro/libogc/lib/wii\libbte.a(hci.o)
                0x80049b50                hci_get_link
 .text.hci_close
                0x80049bd4       0xd8 C:/devkitPro/libogc/lib/wii\libbte.a(hci.o)
                0x80049bd4                hci_close
 .text.hci_reset_all
                0x80049cac       0xbc C:/devkitPro/libogc/lib/wii\libbte.a(hci.o)
                0x80049cac                hci_reset_all
 .text.hci_arg  0x80049d68        0xc C:/devkitPro/libogc/lib/wii\libbte.a(hci.o)
                0x80049d68                hci_arg
 .text.hci_cmd_complete
                0x80049d74        0xc C:/devkitPro/libogc/lib/wii\libbte.a(hci.o)
                0x80049d74                hci_cmd_complete
 .text.hci_connection_complete
                0x80049d80        0xc C:/devkitPro/libogc/lib/wii\libbte.a(hci.o)
                0x80049d80                hci_connection_complete
 .text.hci_wlp_complete
                0x80049d8c        0xc C:/devkitPro/libogc/lib/wii\libbte.a(hci.o)
                0x80049d8c                hci_wlp_complete
 .text.hci_reset
                0x80049d98       0xa8 C:/devkitPro/libogc/lib/wii\libbte.a(hci.o)
                0x80049d98                hci_reset
 .text.hci_read_buffer_size
                0x80049e40       0xa8 C:/devkitPro/libogc/lib/wii\libbte.a(hci.o)
                0x80049e40                hci_read_buffer_size
 .text.hci_read_bd_addr
                0x80049ee8       0xa8 C:/devkitPro/libogc/lib/wii\libbte.a(hci.o)
                0x80049ee8                hci_read_bd_addr
 .text.hci_read_local_version
                0x80049f90       0xa4 C:/devkitPro/libogc/lib/wii\libbte.a(hci.o)
                0x80049f90                hci_read_local_version
 .text.hci_read_local_features
                0x8004a034       0xa8 C:/devkitPro/libogc/lib/wii\libbte.a(hci.o)
                0x8004a034                hci_read_local_features
 .text.hci_read_stored_link_key
                0x8004a0dc       0xfc C:/devkitPro/libogc/lib/wii\libbte.a(hci.o)
                0x8004a0dc                hci_read_stored_link_key
 .text.hci_write_page_timeout
                0x8004a1d8       0xcc C:/devkitPro/libogc/lib/wii\libbte.a(hci.o)
                0x8004a1d8                hci_write_page_timeout
 .text.hci_write_scan_enable
                0x8004a2a4       0xb8 C:/devkitPro/libogc/lib/wii\libbte.a(hci.o)
                0x8004a2a4                hci_write_scan_enable
 .text.hci_accecpt_conn_request
                0x8004a35c       0xdc C:/devkitPro/libogc/lib/wii\libbte.a(hci.o)
                0x8004a35c                hci_accecpt_conn_request
 .text.hci_write_local_name
                0x8004a438       0xd4 C:/devkitPro/libogc/lib/wii\libbte.a(hci.o)
                0x8004a438                hci_write_local_name
 .text.hci_write_pin_type
                0x8004a50c       0xb8 C:/devkitPro/libogc/lib/wii\libbte.a(hci.o)
                0x8004a50c                hci_write_pin_type
 .text.hci_write_inquiry_mode
                0x8004a5c4       0xb8 C:/devkitPro/libogc/lib/wii\libbte.a(hci.o)
                0x8004a5c4                hci_write_inquiry_mode
 .text.hci_write_page_scan_type
                0x8004a67c       0xb8 C:/devkitPro/libogc/lib/wii\libbte.a(hci.o)
                0x8004a67c                hci_write_page_scan_type
 .text.hci_write_inquiry_scan_type
                0x8004a734       0xb8 C:/devkitPro/libogc/lib/wii\libbte.a(hci.o)
                0x8004a734                hci_write_inquiry_scan_type
 .text.hci_vendor_specific_command
                0x8004a7ec       0xe4 C:/devkitPro/libogc/lib/wii\libbte.a(hci.o)
                0x8004a7ec                hci_vendor_specific_command
 .text.hci_write_link_policy_settings
                0x8004a8d0       0xfc C:/devkitPro/libogc/lib/wii\libbte.a(hci.o)
                0x8004a8d0                hci_write_link_policy_settings
 .text.hci_pin_code_request_neg_reply
                0x8004a9cc       0xc8 C:/devkitPro/libogc/lib/wii\libbte.a(hci.o)
                0x8004a9cc                hci_pin_code_request_neg_reply
 .text.hci_link_key_req_neg_reply
                0x8004aa94       0xc8 C:/devkitPro/libogc/lib/wii\libbte.a(hci.o)
                0x8004aa94                hci_link_key_req_neg_reply
 .text.hci_disconnect
                0x8004ab5c       0xf4 C:/devkitPro/libogc/lib/wii\libbte.a(hci.o)
                0x8004ab5c                hci_disconnect
 .text.hci_write_cod
                0x8004ac50       0xc8 C:/devkitPro/libogc/lib/wii\libbte.a(hci.o)
                0x8004ac50                hci_write_cod
 .text.hci_host_buffer_size
                0x8004ad18      0x108 C:/devkitPro/libogc/lib/wii\libbte.a(hci.o)
                0x8004ad18                hci_host_buffer_size
 .text.hci_host_num_comp_packets